<?xml version="1.0" encoding="ISO-8859-1" ?>
<link_info>
   <banner>TI ARM Linker Unix v20.2.7.LTS</banner>
   <copyright>Copyright (c) 1996-2018 Texas Instruments Incorporated</copyright>
   <link_time>0x63e80770</link_time>
   <link_errors>0x0</link_errors>
   <output_file>hello.out</output_file>
   <entry_point>
      <name>_c_int00_noargs</name>
      <address>0x3645</address>
   </entry_point>
   <input_file_list>
      <input_file id="fl-2">
         <path>./</path>
         <kind>object</kind>
         <file>hello.obj</file>
         <name>hello.obj</name>
      </input_file>
      <input_file id="fl-3">
         <path>./</path>
         <kind>object</kind>
         <file>settings.obj</file>
         <name>settings.obj</name>
      </input_file>
      <input_file id="fl-4">
         <path>./</path>
         <kind>object</kind>
         <file>startup_ccs.obj</file>
         <name>startup_ccs.obj</name>
      </input_file>
      <input_file id="fl-5">
         <path>./aead/</path>
         <kind>object</kind>
         <file>ccm.obj</file>
         <name>ccm.obj</name>
      </input_file>
      <input_file id="fl-6">
         <path>./aead/</path>
         <kind>object</kind>
         <file>eax.obj</file>
         <name>eax.obj</name>
      </input_file>
      <input_file id="fl-7">
         <path>./aead/</path>
         <kind>object</kind>
         <file>gcm.obj</file>
         <name>gcm.obj</name>
      </input_file>
      <input_file id="fl-8">
         <path>./codec/</path>
         <kind>object</kind>
         <file>ccopy.obj</file>
         <name>ccopy.obj</name>
      </input_file>
      <input_file id="fl-9">
         <path>./codec/</path>
         <kind>object</kind>
         <file>dec16be.obj</file>
         <name>dec16be.obj</name>
      </input_file>
      <input_file id="fl-a">
         <path>./codec/</path>
         <kind>object</kind>
         <file>dec16le.obj</file>
         <name>dec16le.obj</name>
      </input_file>
      <input_file id="fl-b">
         <path>./codec/</path>
         <kind>object</kind>
         <file>dec32be.obj</file>
         <name>dec32be.obj</name>
      </input_file>
      <input_file id="fl-c">
         <path>./codec/</path>
         <kind>object</kind>
         <file>dec32le.obj</file>
         <name>dec32le.obj</name>
      </input_file>
      <input_file id="fl-d">
         <path>./codec/</path>
         <kind>object</kind>
         <file>dec64be.obj</file>
         <name>dec64be.obj</name>
      </input_file>
      <input_file id="fl-e">
         <path>./codec/</path>
         <kind>object</kind>
         <file>dec64le.obj</file>
         <name>dec64le.obj</name>
      </input_file>
      <input_file id="fl-f">
         <path>./codec/</path>
         <kind>object</kind>
         <file>enc16be.obj</file>
         <name>enc16be.obj</name>
      </input_file>
      <input_file id="fl-10">
         <path>./codec/</path>
         <kind>object</kind>
         <file>enc16le.obj</file>
         <name>enc16le.obj</name>
      </input_file>
      <input_file id="fl-11">
         <path>./codec/</path>
         <kind>object</kind>
         <file>enc32be.obj</file>
         <name>enc32be.obj</name>
      </input_file>
      <input_file id="fl-12">
         <path>./codec/</path>
         <kind>object</kind>
         <file>enc32le.obj</file>
         <name>enc32le.obj</name>
      </input_file>
      <input_file id="fl-13">
         <path>./codec/</path>
         <kind>object</kind>
         <file>enc64be.obj</file>
         <name>enc64be.obj</name>
      </input_file>
      <input_file id="fl-14">
         <path>./codec/</path>
         <kind>object</kind>
         <file>enc64le.obj</file>
         <name>enc64le.obj</name>
      </input_file>
      <input_file id="fl-15">
         <path>./codec/</path>
         <kind>object</kind>
         <file>pemdec.obj</file>
         <name>pemdec.obj</name>
      </input_file>
      <input_file id="fl-16">
         <path>./codec/</path>
         <kind>object</kind>
         <file>pemenc.obj</file>
         <name>pemenc.obj</name>
      </input_file>
      <input_file id="fl-17">
         <path>./ec/</path>
         <kind>object</kind>
         <file>ec_all_m15.obj</file>
         <name>ec_all_m15.obj</name>
      </input_file>
      <input_file id="fl-18">
         <path>./ec/</path>
         <kind>object</kind>
         <file>ec_all_m31.obj</file>
         <name>ec_all_m31.obj</name>
      </input_file>
      <input_file id="fl-19">
         <path>./ec/</path>
         <kind>object</kind>
         <file>ec_c25519_i15.obj</file>
         <name>ec_c25519_i15.obj</name>
      </input_file>
      <input_file id="fl-1a">
         <path>./ec/</path>
         <kind>object</kind>
         <file>ec_c25519_i31.obj</file>
         <name>ec_c25519_i31.obj</name>
      </input_file>
      <input_file id="fl-1b">
         <path>./ec/</path>
         <kind>object</kind>
         <file>ec_c25519_m15.obj</file>
         <name>ec_c25519_m15.obj</name>
      </input_file>
      <input_file id="fl-1c">
         <path>./ec/</path>
         <kind>object</kind>
         <file>ec_c25519_m31.obj</file>
         <name>ec_c25519_m31.obj</name>
      </input_file>
      <input_file id="fl-1d">
         <path>./ec/</path>
         <kind>object</kind>
         <file>ec_c25519_m62.obj</file>
         <name>ec_c25519_m62.obj</name>
      </input_file>
      <input_file id="fl-1e">
         <path>./ec/</path>
         <kind>object</kind>
         <file>ec_c25519_m64.obj</file>
         <name>ec_c25519_m64.obj</name>
      </input_file>
      <input_file id="fl-1f">
         <path>./ec/</path>
         <kind>object</kind>
         <file>ec_curve25519.obj</file>
         <name>ec_curve25519.obj</name>
      </input_file>
      <input_file id="fl-20">
         <path>./ec/</path>
         <kind>object</kind>
         <file>ec_default.obj</file>
         <name>ec_default.obj</name>
      </input_file>
      <input_file id="fl-21">
         <path>./ec/</path>
         <kind>object</kind>
         <file>ec_keygen.obj</file>
         <name>ec_keygen.obj</name>
      </input_file>
      <input_file id="fl-22">
         <path>./ec/</path>
         <kind>object</kind>
         <file>ec_p256_m15.obj</file>
         <name>ec_p256_m15.obj</name>
      </input_file>
      <input_file id="fl-23">
         <path>./ec/</path>
         <kind>object</kind>
         <file>ec_p256_m31.obj</file>
         <name>ec_p256_m31.obj</name>
      </input_file>
      <input_file id="fl-24">
         <path>./ec/</path>
         <kind>object</kind>
         <file>ec_p256_m62.obj</file>
         <name>ec_p256_m62.obj</name>
      </input_file>
      <input_file id="fl-25">
         <path>./ec/</path>
         <kind>object</kind>
         <file>ec_p256_m64.obj</file>
         <name>ec_p256_m64.obj</name>
      </input_file>
      <input_file id="fl-26">
         <path>./ec/</path>
         <kind>object</kind>
         <file>ec_prime_i15.obj</file>
         <name>ec_prime_i15.obj</name>
      </input_file>
      <input_file id="fl-27">
         <path>./ec/</path>
         <kind>object</kind>
         <file>ec_prime_i31.obj</file>
         <name>ec_prime_i31.obj</name>
      </input_file>
      <input_file id="fl-28">
         <path>./ec/</path>
         <kind>object</kind>
         <file>ec_pubkey.obj</file>
         <name>ec_pubkey.obj</name>
      </input_file>
      <input_file id="fl-29">
         <path>./ec/</path>
         <kind>object</kind>
         <file>ec_secp256r1.obj</file>
         <name>ec_secp256r1.obj</name>
      </input_file>
      <input_file id="fl-2a">
         <path>./ec/</path>
         <kind>object</kind>
         <file>ec_secp384r1.obj</file>
         <name>ec_secp384r1.obj</name>
      </input_file>
      <input_file id="fl-2b">
         <path>./ec/</path>
         <kind>object</kind>
         <file>ec_secp521r1.obj</file>
         <name>ec_secp521r1.obj</name>
      </input_file>
      <input_file id="fl-2c">
         <path>./ec/</path>
         <kind>object</kind>
         <file>ecdsa_atr.obj</file>
         <name>ecdsa_atr.obj</name>
      </input_file>
      <input_file id="fl-2d">
         <path>./ec/</path>
         <kind>object</kind>
         <file>ecdsa_default_sign_asn1.obj</file>
         <name>ecdsa_default_sign_asn1.obj</name>
      </input_file>
      <input_file id="fl-2e">
         <path>./ec/</path>
         <kind>object</kind>
         <file>ecdsa_default_sign_raw.obj</file>
         <name>ecdsa_default_sign_raw.obj</name>
      </input_file>
      <input_file id="fl-2f">
         <path>./ec/</path>
         <kind>object</kind>
         <file>ecdsa_default_vrfy_asn1.obj</file>
         <name>ecdsa_default_vrfy_asn1.obj</name>
      </input_file>
      <input_file id="fl-30">
         <path>./ec/</path>
         <kind>object</kind>
         <file>ecdsa_default_vrfy_raw.obj</file>
         <name>ecdsa_default_vrfy_raw.obj</name>
      </input_file>
      <input_file id="fl-31">
         <path>./ec/</path>
         <kind>object</kind>
         <file>ecdsa_i15_bits.obj</file>
         <name>ecdsa_i15_bits.obj</name>
      </input_file>
      <input_file id="fl-32">
         <path>./ec/</path>
         <kind>object</kind>
         <file>ecdsa_i15_sign_asn1.obj</file>
         <name>ecdsa_i15_sign_asn1.obj</name>
      </input_file>
      <input_file id="fl-33">
         <path>./ec/</path>
         <kind>object</kind>
         <file>ecdsa_i15_sign_raw.obj</file>
         <name>ecdsa_i15_sign_raw.obj</name>
      </input_file>
      <input_file id="fl-34">
         <path>./ec/</path>
         <kind>object</kind>
         <file>ecdsa_i15_vrfy_asn1.obj</file>
         <name>ecdsa_i15_vrfy_asn1.obj</name>
      </input_file>
      <input_file id="fl-35">
         <path>./ec/</path>
         <kind>object</kind>
         <file>ecdsa_i15_vrfy_raw.obj</file>
         <name>ecdsa_i15_vrfy_raw.obj</name>
      </input_file>
      <input_file id="fl-36">
         <path>./ec/</path>
         <kind>object</kind>
         <file>ecdsa_i31_bits.obj</file>
         <name>ecdsa_i31_bits.obj</name>
      </input_file>
      <input_file id="fl-37">
         <path>./ec/</path>
         <kind>object</kind>
         <file>ecdsa_i31_sign_asn1.obj</file>
         <name>ecdsa_i31_sign_asn1.obj</name>
      </input_file>
      <input_file id="fl-38">
         <path>./ec/</path>
         <kind>object</kind>
         <file>ecdsa_i31_sign_raw.obj</file>
         <name>ecdsa_i31_sign_raw.obj</name>
      </input_file>
      <input_file id="fl-39">
         <path>./ec/</path>
         <kind>object</kind>
         <file>ecdsa_i31_vrfy_asn1.obj</file>
         <name>ecdsa_i31_vrfy_asn1.obj</name>
      </input_file>
      <input_file id="fl-3a">
         <path>./ec/</path>
         <kind>object</kind>
         <file>ecdsa_i31_vrfy_raw.obj</file>
         <name>ecdsa_i31_vrfy_raw.obj</name>
      </input_file>
      <input_file id="fl-3b">
         <path>./ec/</path>
         <kind>object</kind>
         <file>ecdsa_rta.obj</file>
         <name>ecdsa_rta.obj</name>
      </input_file>
      <input_file id="fl-3c">
         <path>./hash/</path>
         <kind>object</kind>
         <file>dig_oid.obj</file>
         <name>dig_oid.obj</name>
      </input_file>
      <input_file id="fl-3d">
         <path>./hash/</path>
         <kind>object</kind>
         <file>dig_size.obj</file>
         <name>dig_size.obj</name>
      </input_file>
      <input_file id="fl-3e">
         <path>./hash/</path>
         <kind>object</kind>
         <file>ghash_ctmul.obj</file>
         <name>ghash_ctmul.obj</name>
      </input_file>
      <input_file id="fl-3f">
         <path>./hash/</path>
         <kind>object</kind>
         <file>ghash_ctmul32.obj</file>
         <name>ghash_ctmul32.obj</name>
      </input_file>
      <input_file id="fl-40">
         <path>./hash/</path>
         <kind>object</kind>
         <file>ghash_ctmul64.obj</file>
         <name>ghash_ctmul64.obj</name>
      </input_file>
      <input_file id="fl-41">
         <path>./hash/</path>
         <kind>object</kind>
         <file>ghash_pclmul.obj</file>
         <name>ghash_pclmul.obj</name>
      </input_file>
      <input_file id="fl-42">
         <path>./hash/</path>
         <kind>object</kind>
         <file>ghash_pwr8.obj</file>
         <name>ghash_pwr8.obj</name>
      </input_file>
      <input_file id="fl-43">
         <path>./hash/</path>
         <kind>object</kind>
         <file>md5.obj</file>
         <name>md5.obj</name>
      </input_file>
      <input_file id="fl-44">
         <path>./hash/</path>
         <kind>object</kind>
         <file>md5sha1.obj</file>
         <name>md5sha1.obj</name>
      </input_file>
      <input_file id="fl-45">
         <path>./hash/</path>
         <kind>object</kind>
         <file>mgf1.obj</file>
         <name>mgf1.obj</name>
      </input_file>
      <input_file id="fl-46">
         <path>./hash/</path>
         <kind>object</kind>
         <file>multihash.obj</file>
         <name>multihash.obj</name>
      </input_file>
      <input_file id="fl-47">
         <path>./hash/</path>
         <kind>object</kind>
         <file>sha1.obj</file>
         <name>sha1.obj</name>
      </input_file>
      <input_file id="fl-48">
         <path>./hash/</path>
         <kind>object</kind>
         <file>sha2big.obj</file>
         <name>sha2big.obj</name>
      </input_file>
      <input_file id="fl-49">
         <path>./hash/</path>
         <kind>object</kind>
         <file>sha2small.obj</file>
         <name>sha2small.obj</name>
      </input_file>
      <input_file id="fl-4a">
         <path>./int/</path>
         <kind>object</kind>
         <file>i15_add.obj</file>
         <name>i15_add.obj</name>
      </input_file>
      <input_file id="fl-4b">
         <path>./int/</path>
         <kind>object</kind>
         <file>i15_bitlen.obj</file>
         <name>i15_bitlen.obj</name>
      </input_file>
      <input_file id="fl-4c">
         <path>./int/</path>
         <kind>object</kind>
         <file>i15_decmod.obj</file>
         <name>i15_decmod.obj</name>
      </input_file>
      <input_file id="fl-4d">
         <path>./int/</path>
         <kind>object</kind>
         <file>i15_decode.obj</file>
         <name>i15_decode.obj</name>
      </input_file>
      <input_file id="fl-4e">
         <path>./int/</path>
         <kind>object</kind>
         <file>i15_decred.obj</file>
         <name>i15_decred.obj</name>
      </input_file>
      <input_file id="fl-4f">
         <path>./int/</path>
         <kind>object</kind>
         <file>i15_encode.obj</file>
         <name>i15_encode.obj</name>
      </input_file>
      <input_file id="fl-50">
         <path>./int/</path>
         <kind>object</kind>
         <file>i15_fmont.obj</file>
         <name>i15_fmont.obj</name>
      </input_file>
      <input_file id="fl-51">
         <path>./int/</path>
         <kind>object</kind>
         <file>i15_iszero.obj</file>
         <name>i15_iszero.obj</name>
      </input_file>
      <input_file id="fl-52">
         <path>./int/</path>
         <kind>object</kind>
         <file>i15_moddiv.obj</file>
         <name>i15_moddiv.obj</name>
      </input_file>
      <input_file id="fl-53">
         <path>./int/</path>
         <kind>object</kind>
         <file>i15_modpow.obj</file>
         <name>i15_modpow.obj</name>
      </input_file>
      <input_file id="fl-54">
         <path>./int/</path>
         <kind>object</kind>
         <file>i15_modpow2.obj</file>
         <name>i15_modpow2.obj</name>
      </input_file>
      <input_file id="fl-55">
         <path>./int/</path>
         <kind>object</kind>
         <file>i15_montmul.obj</file>
         <name>i15_montmul.obj</name>
      </input_file>
      <input_file id="fl-56">
         <path>./int/</path>
         <kind>object</kind>
         <file>i15_mulacc.obj</file>
         <name>i15_mulacc.obj</name>
      </input_file>
      <input_file id="fl-57">
         <path>./int/</path>
         <kind>object</kind>
         <file>i15_muladd.obj</file>
         <name>i15_muladd.obj</name>
      </input_file>
      <input_file id="fl-58">
         <path>./int/</path>
         <kind>object</kind>
         <file>i15_ninv15.obj</file>
         <name>i15_ninv15.obj</name>
      </input_file>
      <input_file id="fl-59">
         <path>./int/</path>
         <kind>object</kind>
         <file>i15_reduce.obj</file>
         <name>i15_reduce.obj</name>
      </input_file>
      <input_file id="fl-5a">
         <path>./int/</path>
         <kind>object</kind>
         <file>i15_rshift.obj</file>
         <name>i15_rshift.obj</name>
      </input_file>
      <input_file id="fl-5b">
         <path>./int/</path>
         <kind>object</kind>
         <file>i15_sub.obj</file>
         <name>i15_sub.obj</name>
      </input_file>
      <input_file id="fl-5c">
         <path>./int/</path>
         <kind>object</kind>
         <file>i15_tmont.obj</file>
         <name>i15_tmont.obj</name>
      </input_file>
      <input_file id="fl-5d">
         <path>./int/</path>
         <kind>object</kind>
         <file>i31_add.obj</file>
         <name>i31_add.obj</name>
      </input_file>
      <input_file id="fl-5e">
         <path>./int/</path>
         <kind>object</kind>
         <file>i31_bitlen.obj</file>
         <name>i31_bitlen.obj</name>
      </input_file>
      <input_file id="fl-5f">
         <path>./int/</path>
         <kind>object</kind>
         <file>i31_decmod.obj</file>
         <name>i31_decmod.obj</name>
      </input_file>
      <input_file id="fl-60">
         <path>./int/</path>
         <kind>object</kind>
         <file>i31_decode.obj</file>
         <name>i31_decode.obj</name>
      </input_file>
      <input_file id="fl-61">
         <path>./int/</path>
         <kind>object</kind>
         <file>i31_decred.obj</file>
         <name>i31_decred.obj</name>
      </input_file>
      <input_file id="fl-62">
         <path>./int/</path>
         <kind>object</kind>
         <file>i31_encode.obj</file>
         <name>i31_encode.obj</name>
      </input_file>
      <input_file id="fl-63">
         <path>./int/</path>
         <kind>object</kind>
         <file>i31_fmont.obj</file>
         <name>i31_fmont.obj</name>
      </input_file>
      <input_file id="fl-64">
         <path>./int/</path>
         <kind>object</kind>
         <file>i31_iszero.obj</file>
         <name>i31_iszero.obj</name>
      </input_file>
      <input_file id="fl-65">
         <path>./int/</path>
         <kind>object</kind>
         <file>i31_moddiv.obj</file>
         <name>i31_moddiv.obj</name>
      </input_file>
      <input_file id="fl-66">
         <path>./int/</path>
         <kind>object</kind>
         <file>i31_modpow.obj</file>
         <name>i31_modpow.obj</name>
      </input_file>
      <input_file id="fl-67">
         <path>./int/</path>
         <kind>object</kind>
         <file>i31_modpow2.obj</file>
         <name>i31_modpow2.obj</name>
      </input_file>
      <input_file id="fl-68">
         <path>./int/</path>
         <kind>object</kind>
         <file>i31_montmul.obj</file>
         <name>i31_montmul.obj</name>
      </input_file>
      <input_file id="fl-69">
         <path>./int/</path>
         <kind>object</kind>
         <file>i31_mulacc.obj</file>
         <name>i31_mulacc.obj</name>
      </input_file>
      <input_file id="fl-6a">
         <path>./int/</path>
         <kind>object</kind>
         <file>i31_muladd.obj</file>
         <name>i31_muladd.obj</name>
      </input_file>
      <input_file id="fl-6b">
         <path>./int/</path>
         <kind>object</kind>
         <file>i31_ninv31.obj</file>
         <name>i31_ninv31.obj</name>
      </input_file>
      <input_file id="fl-6c">
         <path>./int/</path>
         <kind>object</kind>
         <file>i31_reduce.obj</file>
         <name>i31_reduce.obj</name>
      </input_file>
      <input_file id="fl-6d">
         <path>./int/</path>
         <kind>object</kind>
         <file>i31_rshift.obj</file>
         <name>i31_rshift.obj</name>
      </input_file>
      <input_file id="fl-6e">
         <path>./int/</path>
         <kind>object</kind>
         <file>i31_sub.obj</file>
         <name>i31_sub.obj</name>
      </input_file>
      <input_file id="fl-6f">
         <path>./int/</path>
         <kind>object</kind>
         <file>i31_tmont.obj</file>
         <name>i31_tmont.obj</name>
      </input_file>
      <input_file id="fl-70">
         <path>./int/</path>
         <kind>object</kind>
         <file>i32_add.obj</file>
         <name>i32_add.obj</name>
      </input_file>
      <input_file id="fl-71">
         <path>./int/</path>
         <kind>object</kind>
         <file>i32_bitlen.obj</file>
         <name>i32_bitlen.obj</name>
      </input_file>
      <input_file id="fl-72">
         <path>./int/</path>
         <kind>object</kind>
         <file>i32_decmod.obj</file>
         <name>i32_decmod.obj</name>
      </input_file>
      <input_file id="fl-73">
         <path>./int/</path>
         <kind>object</kind>
         <file>i32_decode.obj</file>
         <name>i32_decode.obj</name>
      </input_file>
      <input_file id="fl-74">
         <path>./int/</path>
         <kind>object</kind>
         <file>i32_decred.obj</file>
         <name>i32_decred.obj</name>
      </input_file>
      <input_file id="fl-75">
         <path>./int/</path>
         <kind>object</kind>
         <file>i32_div32.obj</file>
         <name>i32_div32.obj</name>
      </input_file>
      <input_file id="fl-76">
         <path>./int/</path>
         <kind>object</kind>
         <file>i32_encode.obj</file>
         <name>i32_encode.obj</name>
      </input_file>
      <input_file id="fl-77">
         <path>./int/</path>
         <kind>object</kind>
         <file>i32_fmont.obj</file>
         <name>i32_fmont.obj</name>
      </input_file>
      <input_file id="fl-78">
         <path>./int/</path>
         <kind>object</kind>
         <file>i32_iszero.obj</file>
         <name>i32_iszero.obj</name>
      </input_file>
      <input_file id="fl-79">
         <path>./int/</path>
         <kind>object</kind>
         <file>i32_modpow.obj</file>
         <name>i32_modpow.obj</name>
      </input_file>
      <input_file id="fl-7a">
         <path>./int/</path>
         <kind>object</kind>
         <file>i32_montmul.obj</file>
         <name>i32_montmul.obj</name>
      </input_file>
      <input_file id="fl-7b">
         <path>./int/</path>
         <kind>object</kind>
         <file>i32_mulacc.obj</file>
         <name>i32_mulacc.obj</name>
      </input_file>
      <input_file id="fl-7c">
         <path>./int/</path>
         <kind>object</kind>
         <file>i32_muladd.obj</file>
         <name>i32_muladd.obj</name>
      </input_file>
      <input_file id="fl-7d">
         <path>./int/</path>
         <kind>object</kind>
         <file>i32_ninv32.obj</file>
         <name>i32_ninv32.obj</name>
      </input_file>
      <input_file id="fl-7e">
         <path>./int/</path>
         <kind>object</kind>
         <file>i32_reduce.obj</file>
         <name>i32_reduce.obj</name>
      </input_file>
      <input_file id="fl-7f">
         <path>./int/</path>
         <kind>object</kind>
         <file>i32_sub.obj</file>
         <name>i32_sub.obj</name>
      </input_file>
      <input_file id="fl-80">
         <path>./int/</path>
         <kind>object</kind>
         <file>i32_tmont.obj</file>
         <name>i32_tmont.obj</name>
      </input_file>
      <input_file id="fl-81">
         <path>./int/</path>
         <kind>object</kind>
         <file>i62_modpow2.obj</file>
         <name>i62_modpow2.obj</name>
      </input_file>
      <input_file id="fl-82">
         <path>./kdf/</path>
         <kind>object</kind>
         <file>hkdf.obj</file>
         <name>hkdf.obj</name>
      </input_file>
      <input_file id="fl-83">
         <path>./kdf/</path>
         <kind>object</kind>
         <file>shake.obj</file>
         <name>shake.obj</name>
      </input_file>
      <input_file id="fl-84">
         <path>./mac/</path>
         <kind>object</kind>
         <file>hmac.obj</file>
         <name>hmac.obj</name>
      </input_file>
      <input_file id="fl-85">
         <path>./mac/</path>
         <kind>object</kind>
         <file>hmac_ct.obj</file>
         <name>hmac_ct.obj</name>
      </input_file>
      <input_file id="fl-86">
         <path>./rand/</path>
         <kind>object</kind>
         <file>aesctr_drbg.obj</file>
         <name>aesctr_drbg.obj</name>
      </input_file>
      <input_file id="fl-87">
         <path>./rand/</path>
         <kind>object</kind>
         <file>hmac_drbg.obj</file>
         <name>hmac_drbg.obj</name>
      </input_file>
      <input_file id="fl-88">
         <path>./rand/</path>
         <kind>object</kind>
         <file>sysrng.obj</file>
         <name>sysrng.obj</name>
      </input_file>
      <input_file id="fl-89">
         <path>./rsa/</path>
         <kind>object</kind>
         <file>rsa_default_keygen.obj</file>
         <name>rsa_default_keygen.obj</name>
      </input_file>
      <input_file id="fl-8a">
         <path>./rsa/</path>
         <kind>object</kind>
         <file>rsa_default_modulus.obj</file>
         <name>rsa_default_modulus.obj</name>
      </input_file>
      <input_file id="fl-8b">
         <path>./rsa/</path>
         <kind>object</kind>
         <file>rsa_default_oaep_decrypt.obj</file>
         <name>rsa_default_oaep_decrypt.obj</name>
      </input_file>
      <input_file id="fl-8c">
         <path>./rsa/</path>
         <kind>object</kind>
         <file>rsa_default_oaep_encrypt.obj</file>
         <name>rsa_default_oaep_encrypt.obj</name>
      </input_file>
      <input_file id="fl-8d">
         <path>./rsa/</path>
         <kind>object</kind>
         <file>rsa_default_pkcs1_sign.obj</file>
         <name>rsa_default_pkcs1_sign.obj</name>
      </input_file>
      <input_file id="fl-8e">
         <path>./rsa/</path>
         <kind>object</kind>
         <file>rsa_default_pkcs1_vrfy.obj</file>
         <name>rsa_default_pkcs1_vrfy.obj</name>
      </input_file>
      <input_file id="fl-8f">
         <path>./rsa/</path>
         <kind>object</kind>
         <file>rsa_default_priv.obj</file>
         <name>rsa_default_priv.obj</name>
      </input_file>
      <input_file id="fl-90">
         <path>./rsa/</path>
         <kind>object</kind>
         <file>rsa_default_privexp.obj</file>
         <name>rsa_default_privexp.obj</name>
      </input_file>
      <input_file id="fl-91">
         <path>./rsa/</path>
         <kind>object</kind>
         <file>rsa_default_pss_sign.obj</file>
         <name>rsa_default_pss_sign.obj</name>
      </input_file>
      <input_file id="fl-92">
         <path>./rsa/</path>
         <kind>object</kind>
         <file>rsa_default_pss_vrfy.obj</file>
         <name>rsa_default_pss_vrfy.obj</name>
      </input_file>
      <input_file id="fl-93">
         <path>./rsa/</path>
         <kind>object</kind>
         <file>rsa_default_pub.obj</file>
         <name>rsa_default_pub.obj</name>
      </input_file>
      <input_file id="fl-94">
         <path>./rsa/</path>
         <kind>object</kind>
         <file>rsa_default_pubexp.obj</file>
         <name>rsa_default_pubexp.obj</name>
      </input_file>
      <input_file id="fl-95">
         <path>./rsa/</path>
         <kind>object</kind>
         <file>rsa_i15_keygen.obj</file>
         <name>rsa_i15_keygen.obj</name>
      </input_file>
      <input_file id="fl-96">
         <path>./rsa/</path>
         <kind>object</kind>
         <file>rsa_i15_modulus.obj</file>
         <name>rsa_i15_modulus.obj</name>
      </input_file>
      <input_file id="fl-97">
         <path>./rsa/</path>
         <kind>object</kind>
         <file>rsa_i15_oaep_decrypt.obj</file>
         <name>rsa_i15_oaep_decrypt.obj</name>
      </input_file>
      <input_file id="fl-98">
         <path>./rsa/</path>
         <kind>object</kind>
         <file>rsa_i15_oaep_encrypt.obj</file>
         <name>rsa_i15_oaep_encrypt.obj</name>
      </input_file>
      <input_file id="fl-99">
         <path>./rsa/</path>
         <kind>object</kind>
         <file>rsa_i15_pkcs1_sign.obj</file>
         <name>rsa_i15_pkcs1_sign.obj</name>
      </input_file>
      <input_file id="fl-9a">
         <path>./rsa/</path>
         <kind>object</kind>
         <file>rsa_i15_pkcs1_vrfy.obj</file>
         <name>rsa_i15_pkcs1_vrfy.obj</name>
      </input_file>
      <input_file id="fl-9b">
         <path>./rsa/</path>
         <kind>object</kind>
         <file>rsa_i15_priv.obj</file>
         <name>rsa_i15_priv.obj</name>
      </input_file>
      <input_file id="fl-9c">
         <path>./rsa/</path>
         <kind>object</kind>
         <file>rsa_i15_privexp.obj</file>
         <name>rsa_i15_privexp.obj</name>
      </input_file>
      <input_file id="fl-9d">
         <path>./rsa/</path>
         <kind>object</kind>
         <file>rsa_i15_pss_sign.obj</file>
         <name>rsa_i15_pss_sign.obj</name>
      </input_file>
      <input_file id="fl-9e">
         <path>./rsa/</path>
         <kind>object</kind>
         <file>rsa_i15_pss_vrfy.obj</file>
         <name>rsa_i15_pss_vrfy.obj</name>
      </input_file>
      <input_file id="fl-9f">
         <path>./rsa/</path>
         <kind>object</kind>
         <file>rsa_i15_pub.obj</file>
         <name>rsa_i15_pub.obj</name>
      </input_file>
      <input_file id="fl-a0">
         <path>./rsa/</path>
         <kind>object</kind>
         <file>rsa_i15_pubexp.obj</file>
         <name>rsa_i15_pubexp.obj</name>
      </input_file>
      <input_file id="fl-a1">
         <path>./rsa/</path>
         <kind>object</kind>
         <file>rsa_i31_keygen.obj</file>
         <name>rsa_i31_keygen.obj</name>
      </input_file>
      <input_file id="fl-a2">
         <path>./rsa/</path>
         <kind>object</kind>
         <file>rsa_i31_keygen_inner.obj</file>
         <name>rsa_i31_keygen_inner.obj</name>
      </input_file>
      <input_file id="fl-a3">
         <path>./rsa/</path>
         <kind>object</kind>
         <file>rsa_i31_modulus.obj</file>
         <name>rsa_i31_modulus.obj</name>
      </input_file>
      <input_file id="fl-a4">
         <path>./rsa/</path>
         <kind>object</kind>
         <file>rsa_i31_oaep_decrypt.obj</file>
         <name>rsa_i31_oaep_decrypt.obj</name>
      </input_file>
      <input_file id="fl-a5">
         <path>./rsa/</path>
         <kind>object</kind>
         <file>rsa_i31_oaep_encrypt.obj</file>
         <name>rsa_i31_oaep_encrypt.obj</name>
      </input_file>
      <input_file id="fl-a6">
         <path>./rsa/</path>
         <kind>object</kind>
         <file>rsa_i31_pkcs1_sign.obj</file>
         <name>rsa_i31_pkcs1_sign.obj</name>
      </input_file>
      <input_file id="fl-a7">
         <path>./rsa/</path>
         <kind>object</kind>
         <file>rsa_i31_pkcs1_vrfy.obj</file>
         <name>rsa_i31_pkcs1_vrfy.obj</name>
      </input_file>
      <input_file id="fl-a8">
         <path>./rsa/</path>
         <kind>object</kind>
         <file>rsa_i31_priv.obj</file>
         <name>rsa_i31_priv.obj</name>
      </input_file>
      <input_file id="fl-a9">
         <path>./rsa/</path>
         <kind>object</kind>
         <file>rsa_i31_privexp.obj</file>
         <name>rsa_i31_privexp.obj</name>
      </input_file>
      <input_file id="fl-aa">
         <path>./rsa/</path>
         <kind>object</kind>
         <file>rsa_i31_pss_sign.obj</file>
         <name>rsa_i31_pss_sign.obj</name>
      </input_file>
      <input_file id="fl-ab">
         <path>./rsa/</path>
         <kind>object</kind>
         <file>rsa_i31_pss_vrfy.obj</file>
         <name>rsa_i31_pss_vrfy.obj</name>
      </input_file>
      <input_file id="fl-ac">
         <path>./rsa/</path>
         <kind>object</kind>
         <file>rsa_i31_pub.obj</file>
         <name>rsa_i31_pub.obj</name>
      </input_file>
      <input_file id="fl-ad">
         <path>./rsa/</path>
         <kind>object</kind>
         <file>rsa_i31_pubexp.obj</file>
         <name>rsa_i31_pubexp.obj</name>
      </input_file>
      <input_file id="fl-ae">
         <path>./rsa/</path>
         <kind>object</kind>
         <file>rsa_i32_oaep_decrypt.obj</file>
         <name>rsa_i32_oaep_decrypt.obj</name>
      </input_file>
      <input_file id="fl-af">
         <path>./rsa/</path>
         <kind>object</kind>
         <file>rsa_i32_oaep_encrypt.obj</file>
         <name>rsa_i32_oaep_encrypt.obj</name>
      </input_file>
      <input_file id="fl-b0">
         <path>./rsa/</path>
         <kind>object</kind>
         <file>rsa_i32_pkcs1_sign.obj</file>
         <name>rsa_i32_pkcs1_sign.obj</name>
      </input_file>
      <input_file id="fl-b1">
         <path>./rsa/</path>
         <kind>object</kind>
         <file>rsa_i32_pkcs1_vrfy.obj</file>
         <name>rsa_i32_pkcs1_vrfy.obj</name>
      </input_file>
      <input_file id="fl-b2">
         <path>./rsa/</path>
         <kind>object</kind>
         <file>rsa_i32_priv.obj</file>
         <name>rsa_i32_priv.obj</name>
      </input_file>
      <input_file id="fl-b3">
         <path>./rsa/</path>
         <kind>object</kind>
         <file>rsa_i32_pss_sign.obj</file>
         <name>rsa_i32_pss_sign.obj</name>
      </input_file>
      <input_file id="fl-b4">
         <path>./rsa/</path>
         <kind>object</kind>
         <file>rsa_i32_pss_vrfy.obj</file>
         <name>rsa_i32_pss_vrfy.obj</name>
      </input_file>
      <input_file id="fl-b5">
         <path>./rsa/</path>
         <kind>object</kind>
         <file>rsa_i32_pub.obj</file>
         <name>rsa_i32_pub.obj</name>
      </input_file>
      <input_file id="fl-b6">
         <path>./rsa/</path>
         <kind>object</kind>
         <file>rsa_i62_keygen.obj</file>
         <name>rsa_i62_keygen.obj</name>
      </input_file>
      <input_file id="fl-b7">
         <path>./rsa/</path>
         <kind>object</kind>
         <file>rsa_i62_oaep_decrypt.obj</file>
         <name>rsa_i62_oaep_decrypt.obj</name>
      </input_file>
      <input_file id="fl-b8">
         <path>./rsa/</path>
         <kind>object</kind>
         <file>rsa_i62_oaep_encrypt.obj</file>
         <name>rsa_i62_oaep_encrypt.obj</name>
      </input_file>
      <input_file id="fl-b9">
         <path>./rsa/</path>
         <kind>object</kind>
         <file>rsa_i62_pkcs1_sign.obj</file>
         <name>rsa_i62_pkcs1_sign.obj</name>
      </input_file>
      <input_file id="fl-ba">
         <path>./rsa/</path>
         <kind>object</kind>
         <file>rsa_i62_pkcs1_vrfy.obj</file>
         <name>rsa_i62_pkcs1_vrfy.obj</name>
      </input_file>
      <input_file id="fl-bb">
         <path>./rsa/</path>
         <kind>object</kind>
         <file>rsa_i62_priv.obj</file>
         <name>rsa_i62_priv.obj</name>
      </input_file>
      <input_file id="fl-bc">
         <path>./rsa/</path>
         <kind>object</kind>
         <file>rsa_i62_pss_sign.obj</file>
         <name>rsa_i62_pss_sign.obj</name>
      </input_file>
      <input_file id="fl-bd">
         <path>./rsa/</path>
         <kind>object</kind>
         <file>rsa_i62_pss_vrfy.obj</file>
         <name>rsa_i62_pss_vrfy.obj</name>
      </input_file>
      <input_file id="fl-be">
         <path>./rsa/</path>
         <kind>object</kind>
         <file>rsa_i62_pub.obj</file>
         <name>rsa_i62_pub.obj</name>
      </input_file>
      <input_file id="fl-bf">
         <path>./rsa/</path>
         <kind>object</kind>
         <file>rsa_oaep_pad.obj</file>
         <name>rsa_oaep_pad.obj</name>
      </input_file>
      <input_file id="fl-c0">
         <path>./rsa/</path>
         <kind>object</kind>
         <file>rsa_oaep_unpad.obj</file>
         <name>rsa_oaep_unpad.obj</name>
      </input_file>
      <input_file id="fl-c1">
         <path>./rsa/</path>
         <kind>object</kind>
         <file>rsa_pkcs1_sig_pad.obj</file>
         <name>rsa_pkcs1_sig_pad.obj</name>
      </input_file>
      <input_file id="fl-c2">
         <path>./rsa/</path>
         <kind>object</kind>
         <file>rsa_pkcs1_sig_unpad.obj</file>
         <name>rsa_pkcs1_sig_unpad.obj</name>
      </input_file>
      <input_file id="fl-c3">
         <path>./rsa/</path>
         <kind>object</kind>
         <file>rsa_pss_sig_pad.obj</file>
         <name>rsa_pss_sig_pad.obj</name>
      </input_file>
      <input_file id="fl-c4">
         <path>./rsa/</path>
         <kind>object</kind>
         <file>rsa_pss_sig_unpad.obj</file>
         <name>rsa_pss_sig_unpad.obj</name>
      </input_file>
      <input_file id="fl-c5">
         <path>./rsa/</path>
         <kind>object</kind>
         <file>rsa_ssl_decrypt.obj</file>
         <name>rsa_ssl_decrypt.obj</name>
      </input_file>
      <input_file id="fl-c6">
         <path>./ssl/</path>
         <kind>object</kind>
         <file>prf.obj</file>
         <name>prf.obj</name>
      </input_file>
      <input_file id="fl-c7">
         <path>./ssl/</path>
         <kind>object</kind>
         <file>prf_md5sha1.obj</file>
         <name>prf_md5sha1.obj</name>
      </input_file>
      <input_file id="fl-c8">
         <path>./ssl/</path>
         <kind>object</kind>
         <file>prf_sha256.obj</file>
         <name>prf_sha256.obj</name>
      </input_file>
      <input_file id="fl-c9">
         <path>./ssl/</path>
         <kind>object</kind>
         <file>prf_sha384.obj</file>
         <name>prf_sha384.obj</name>
      </input_file>
      <input_file id="fl-ca">
         <path>./ssl/</path>
         <kind>object</kind>
         <file>ssl_ccert_single_ec.obj</file>
         <name>ssl_ccert_single_ec.obj</name>
      </input_file>
      <input_file id="fl-cb">
         <path>./ssl/</path>
         <kind>object</kind>
         <file>ssl_ccert_single_rsa.obj</file>
         <name>ssl_ccert_single_rsa.obj</name>
      </input_file>
      <input_file id="fl-cc">
         <path>./ssl/</path>
         <kind>object</kind>
         <file>ssl_client.obj</file>
         <name>ssl_client.obj</name>
      </input_file>
      <input_file id="fl-cd">
         <path>./ssl/</path>
         <kind>object</kind>
         <file>ssl_client_default_rsapub.obj</file>
         <name>ssl_client_default_rsapub.obj</name>
      </input_file>
      <input_file id="fl-ce">
         <path>./ssl/</path>
         <kind>object</kind>
         <file>ssl_client_full.obj</file>
         <name>ssl_client_full.obj</name>
      </input_file>
      <input_file id="fl-cf">
         <path>./ssl/</path>
         <kind>object</kind>
         <file>ssl_engine.obj</file>
         <name>ssl_engine.obj</name>
      </input_file>
      <input_file id="fl-d0">
         <path>./ssl/</path>
         <kind>object</kind>
         <file>ssl_engine_default_aescbc.obj</file>
         <name>ssl_engine_default_aescbc.obj</name>
      </input_file>
      <input_file id="fl-d1">
         <path>./ssl/</path>
         <kind>object</kind>
         <file>ssl_engine_default_aesccm.obj</file>
         <name>ssl_engine_default_aesccm.obj</name>
      </input_file>
      <input_file id="fl-d2">
         <path>./ssl/</path>
         <kind>object</kind>
         <file>ssl_engine_default_aesgcm.obj</file>
         <name>ssl_engine_default_aesgcm.obj</name>
      </input_file>
      <input_file id="fl-d3">
         <path>./ssl/</path>
         <kind>object</kind>
         <file>ssl_engine_default_chapol.obj</file>
         <name>ssl_engine_default_chapol.obj</name>
      </input_file>
      <input_file id="fl-d4">
         <path>./ssl/</path>
         <kind>object</kind>
         <file>ssl_engine_default_descbc.obj</file>
         <name>ssl_engine_default_descbc.obj</name>
      </input_file>
      <input_file id="fl-d5">
         <path>./ssl/</path>
         <kind>object</kind>
         <file>ssl_engine_default_ec.obj</file>
         <name>ssl_engine_default_ec.obj</name>
      </input_file>
      <input_file id="fl-d6">
         <path>./ssl/</path>
         <kind>object</kind>
         <file>ssl_engine_default_ecdsa.obj</file>
         <name>ssl_engine_default_ecdsa.obj</name>
      </input_file>
      <input_file id="fl-d7">
         <path>./ssl/</path>
         <kind>object</kind>
         <file>ssl_engine_default_rsavrfy.obj</file>
         <name>ssl_engine_default_rsavrfy.obj</name>
      </input_file>
      <input_file id="fl-d8">
         <path>./ssl/</path>
         <kind>object</kind>
         <file>ssl_hashes.obj</file>
         <name>ssl_hashes.obj</name>
      </input_file>
      <input_file id="fl-d9">
         <path>./ssl/</path>
         <kind>object</kind>
         <file>ssl_hs_client.obj</file>
         <name>ssl_hs_client.obj</name>
      </input_file>
      <input_file id="fl-da">
         <path>./ssl/</path>
         <kind>object</kind>
         <file>ssl_hs_server.obj</file>
         <name>ssl_hs_server.obj</name>
      </input_file>
      <input_file id="fl-db">
         <path>./ssl/</path>
         <kind>object</kind>
         <file>ssl_io.obj</file>
         <name>ssl_io.obj</name>
      </input_file>
      <input_file id="fl-dc">
         <path>./ssl/</path>
         <kind>object</kind>
         <file>ssl_keyexport.obj</file>
         <name>ssl_keyexport.obj</name>
      </input_file>
      <input_file id="fl-dd">
         <path>./ssl/</path>
         <kind>object</kind>
         <file>ssl_lru.obj</file>
         <name>ssl_lru.obj</name>
      </input_file>
      <input_file id="fl-de">
         <path>./ssl/</path>
         <kind>object</kind>
         <file>ssl_rec_cbc.obj</file>
         <name>ssl_rec_cbc.obj</name>
      </input_file>
      <input_file id="fl-df">
         <path>./ssl/</path>
         <kind>object</kind>
         <file>ssl_rec_ccm.obj</file>
         <name>ssl_rec_ccm.obj</name>
      </input_file>
      <input_file id="fl-e0">
         <path>./ssl/</path>
         <kind>object</kind>
         <file>ssl_rec_chapol.obj</file>
         <name>ssl_rec_chapol.obj</name>
      </input_file>
      <input_file id="fl-e1">
         <path>./ssl/</path>
         <kind>object</kind>
         <file>ssl_rec_gcm.obj</file>
         <name>ssl_rec_gcm.obj</name>
      </input_file>
      <input_file id="fl-e2">
         <path>./ssl/</path>
         <kind>object</kind>
         <file>ssl_scert_single_ec.obj</file>
         <name>ssl_scert_single_ec.obj</name>
      </input_file>
      <input_file id="fl-e3">
         <path>./ssl/</path>
         <kind>object</kind>
         <file>ssl_scert_single_rsa.obj</file>
         <name>ssl_scert_single_rsa.obj</name>
      </input_file>
      <input_file id="fl-e4">
         <path>./ssl/</path>
         <kind>object</kind>
         <file>ssl_server.obj</file>
         <name>ssl_server.obj</name>
      </input_file>
      <input_file id="fl-e5">
         <path>./ssl/</path>
         <kind>object</kind>
         <file>ssl_server_full_ec.obj</file>
         <name>ssl_server_full_ec.obj</name>
      </input_file>
      <input_file id="fl-e6">
         <path>./ssl/</path>
         <kind>object</kind>
         <file>ssl_server_full_rsa.obj</file>
         <name>ssl_server_full_rsa.obj</name>
      </input_file>
      <input_file id="fl-e7">
         <path>./ssl/</path>
         <kind>object</kind>
         <file>ssl_server_mine2c.obj</file>
         <name>ssl_server_mine2c.obj</name>
      </input_file>
      <input_file id="fl-e8">
         <path>./ssl/</path>
         <kind>object</kind>
         <file>ssl_server_mine2g.obj</file>
         <name>ssl_server_mine2g.obj</name>
      </input_file>
      <input_file id="fl-e9">
         <path>./ssl/</path>
         <kind>object</kind>
         <file>ssl_server_minf2c.obj</file>
         <name>ssl_server_minf2c.obj</name>
      </input_file>
      <input_file id="fl-ea">
         <path>./ssl/</path>
         <kind>object</kind>
         <file>ssl_server_minf2g.obj</file>
         <name>ssl_server_minf2g.obj</name>
      </input_file>
      <input_file id="fl-eb">
         <path>./ssl/</path>
         <kind>object</kind>
         <file>ssl_server_minr2g.obj</file>
         <name>ssl_server_minr2g.obj</name>
      </input_file>
      <input_file id="fl-ec">
         <path>./ssl/</path>
         <kind>object</kind>
         <file>ssl_server_minu2g.obj</file>
         <name>ssl_server_minu2g.obj</name>
      </input_file>
      <input_file id="fl-ed">
         <path>./ssl/</path>
         <kind>object</kind>
         <file>ssl_server_minv2g.obj</file>
         <name>ssl_server_minv2g.obj</name>
      </input_file>
      <input_file id="fl-ee">
         <path>./symcipher/</path>
         <kind>object</kind>
         <file>aes_big_cbcdec.obj</file>
         <name>aes_big_cbcdec.obj</name>
      </input_file>
      <input_file id="fl-ef">
         <path>./symcipher/</path>
         <kind>object</kind>
         <file>aes_big_cbcenc.obj</file>
         <name>aes_big_cbcenc.obj</name>
      </input_file>
      <input_file id="fl-f0">
         <path>./symcipher/</path>
         <kind>object</kind>
         <file>aes_big_ctr.obj</file>
         <name>aes_big_ctr.obj</name>
      </input_file>
      <input_file id="fl-f1">
         <path>./symcipher/</path>
         <kind>object</kind>
         <file>aes_big_ctrcbc.obj</file>
         <name>aes_big_ctrcbc.obj</name>
      </input_file>
      <input_file id="fl-f2">
         <path>./symcipher/</path>
         <kind>object</kind>
         <file>aes_big_dec.obj</file>
         <name>aes_big_dec.obj</name>
      </input_file>
      <input_file id="fl-f3">
         <path>./symcipher/</path>
         <kind>object</kind>
         <file>aes_big_enc.obj</file>
         <name>aes_big_enc.obj</name>
      </input_file>
      <input_file id="fl-f4">
         <path>./symcipher/</path>
         <kind>object</kind>
         <file>aes_common.obj</file>
         <name>aes_common.obj</name>
      </input_file>
      <input_file id="fl-f5">
         <path>./symcipher/</path>
         <kind>object</kind>
         <file>aes_ct.obj</file>
         <name>aes_ct.obj</name>
      </input_file>
      <input_file id="fl-f6">
         <path>./symcipher/</path>
         <kind>object</kind>
         <file>aes_ct64.obj</file>
         <name>aes_ct64.obj</name>
      </input_file>
      <input_file id="fl-f7">
         <path>./symcipher/</path>
         <kind>object</kind>
         <file>aes_ct64_cbcdec.obj</file>
         <name>aes_ct64_cbcdec.obj</name>
      </input_file>
      <input_file id="fl-f8">
         <path>./symcipher/</path>
         <kind>object</kind>
         <file>aes_ct64_cbcenc.obj</file>
         <name>aes_ct64_cbcenc.obj</name>
      </input_file>
      <input_file id="fl-f9">
         <path>./symcipher/</path>
         <kind>object</kind>
         <file>aes_ct64_ctr.obj</file>
         <name>aes_ct64_ctr.obj</name>
      </input_file>
      <input_file id="fl-fa">
         <path>./symcipher/</path>
         <kind>object</kind>
         <file>aes_ct64_ctrcbc.obj</file>
         <name>aes_ct64_ctrcbc.obj</name>
      </input_file>
      <input_file id="fl-fb">
         <path>./symcipher/</path>
         <kind>object</kind>
         <file>aes_ct64_dec.obj</file>
         <name>aes_ct64_dec.obj</name>
      </input_file>
      <input_file id="fl-fc">
         <path>./symcipher/</path>
         <kind>object</kind>
         <file>aes_ct64_enc.obj</file>
         <name>aes_ct64_enc.obj</name>
      </input_file>
      <input_file id="fl-fd">
         <path>./symcipher/</path>
         <kind>object</kind>
         <file>aes_ct_cbcdec.obj</file>
         <name>aes_ct_cbcdec.obj</name>
      </input_file>
      <input_file id="fl-fe">
         <path>./symcipher/</path>
         <kind>object</kind>
         <file>aes_ct_cbcenc.obj</file>
         <name>aes_ct_cbcenc.obj</name>
      </input_file>
      <input_file id="fl-ff">
         <path>./symcipher/</path>
         <kind>object</kind>
         <file>aes_ct_ctr.obj</file>
         <name>aes_ct_ctr.obj</name>
      </input_file>
      <input_file id="fl-100">
         <path>./symcipher/</path>
         <kind>object</kind>
         <file>aes_ct_ctrcbc.obj</file>
         <name>aes_ct_ctrcbc.obj</name>
      </input_file>
      <input_file id="fl-101">
         <path>./symcipher/</path>
         <kind>object</kind>
         <file>aes_ct_dec.obj</file>
         <name>aes_ct_dec.obj</name>
      </input_file>
      <input_file id="fl-102">
         <path>./symcipher/</path>
         <kind>object</kind>
         <file>aes_ct_enc.obj</file>
         <name>aes_ct_enc.obj</name>
      </input_file>
      <input_file id="fl-103">
         <path>./symcipher/</path>
         <kind>object</kind>
         <file>aes_pwr8.obj</file>
         <name>aes_pwr8.obj</name>
      </input_file>
      <input_file id="fl-104">
         <path>./symcipher/</path>
         <kind>object</kind>
         <file>aes_pwr8_cbcdec.obj</file>
         <name>aes_pwr8_cbcdec.obj</name>
      </input_file>
      <input_file id="fl-105">
         <path>./symcipher/</path>
         <kind>object</kind>
         <file>aes_pwr8_cbcenc.obj</file>
         <name>aes_pwr8_cbcenc.obj</name>
      </input_file>
      <input_file id="fl-106">
         <path>./symcipher/</path>
         <kind>object</kind>
         <file>aes_pwr8_ctr.obj</file>
         <name>aes_pwr8_ctr.obj</name>
      </input_file>
      <input_file id="fl-107">
         <path>./symcipher/</path>
         <kind>object</kind>
         <file>aes_pwr8_ctrcbc.obj</file>
         <name>aes_pwr8_ctrcbc.obj</name>
      </input_file>
      <input_file id="fl-108">
         <path>./symcipher/</path>
         <kind>object</kind>
         <file>aes_small_cbcdec.obj</file>
         <name>aes_small_cbcdec.obj</name>
      </input_file>
      <input_file id="fl-109">
         <path>./symcipher/</path>
         <kind>object</kind>
         <file>aes_small_cbcenc.obj</file>
         <name>aes_small_cbcenc.obj</name>
      </input_file>
      <input_file id="fl-10a">
         <path>./symcipher/</path>
         <kind>object</kind>
         <file>aes_small_ctr.obj</file>
         <name>aes_small_ctr.obj</name>
      </input_file>
      <input_file id="fl-10b">
         <path>./symcipher/</path>
         <kind>object</kind>
         <file>aes_small_ctrcbc.obj</file>
         <name>aes_small_ctrcbc.obj</name>
      </input_file>
      <input_file id="fl-10c">
         <path>./symcipher/</path>
         <kind>object</kind>
         <file>aes_small_dec.obj</file>
         <name>aes_small_dec.obj</name>
      </input_file>
      <input_file id="fl-10d">
         <path>./symcipher/</path>
         <kind>object</kind>
         <file>aes_small_enc.obj</file>
         <name>aes_small_enc.obj</name>
      </input_file>
      <input_file id="fl-10e">
         <path>./symcipher/</path>
         <kind>object</kind>
         <file>aes_x86ni.obj</file>
         <name>aes_x86ni.obj</name>
      </input_file>
      <input_file id="fl-10f">
         <path>./symcipher/</path>
         <kind>object</kind>
         <file>aes_x86ni_cbcdec.obj</file>
         <name>aes_x86ni_cbcdec.obj</name>
      </input_file>
      <input_file id="fl-110">
         <path>./symcipher/</path>
         <kind>object</kind>
         <file>aes_x86ni_cbcenc.obj</file>
         <name>aes_x86ni_cbcenc.obj</name>
      </input_file>
      <input_file id="fl-111">
         <path>./symcipher/</path>
         <kind>object</kind>
         <file>aes_x86ni_ctr.obj</file>
         <name>aes_x86ni_ctr.obj</name>
      </input_file>
      <input_file id="fl-112">
         <path>./symcipher/</path>
         <kind>object</kind>
         <file>aes_x86ni_ctrcbc.obj</file>
         <name>aes_x86ni_ctrcbc.obj</name>
      </input_file>
      <input_file id="fl-113">
         <path>./symcipher/</path>
         <kind>object</kind>
         <file>chacha20_ct.obj</file>
         <name>chacha20_ct.obj</name>
      </input_file>
      <input_file id="fl-114">
         <path>./symcipher/</path>
         <kind>object</kind>
         <file>chacha20_sse2.obj</file>
         <name>chacha20_sse2.obj</name>
      </input_file>
      <input_file id="fl-115">
         <path>./symcipher/</path>
         <kind>object</kind>
         <file>des_ct.obj</file>
         <name>des_ct.obj</name>
      </input_file>
      <input_file id="fl-116">
         <path>./symcipher/</path>
         <kind>object</kind>
         <file>des_ct_cbcdec.obj</file>
         <name>des_ct_cbcdec.obj</name>
      </input_file>
      <input_file id="fl-117">
         <path>./symcipher/</path>
         <kind>object</kind>
         <file>des_ct_cbcenc.obj</file>
         <name>des_ct_cbcenc.obj</name>
      </input_file>
      <input_file id="fl-118">
         <path>./symcipher/</path>
         <kind>object</kind>
         <file>des_support.obj</file>
         <name>des_support.obj</name>
      </input_file>
      <input_file id="fl-119">
         <path>./symcipher/</path>
         <kind>object</kind>
         <file>des_tab.obj</file>
         <name>des_tab.obj</name>
      </input_file>
      <input_file id="fl-11a">
         <path>./symcipher/</path>
         <kind>object</kind>
         <file>des_tab_cbcdec.obj</file>
         <name>des_tab_cbcdec.obj</name>
      </input_file>
      <input_file id="fl-11b">
         <path>./symcipher/</path>
         <kind>object</kind>
         <file>des_tab_cbcenc.obj</file>
         <name>des_tab_cbcenc.obj</name>
      </input_file>
      <input_file id="fl-11c">
         <path>./symcipher/</path>
         <kind>object</kind>
         <file>poly1305_ctmul.obj</file>
         <name>poly1305_ctmul.obj</name>
      </input_file>
      <input_file id="fl-11d">
         <path>./symcipher/</path>
         <kind>object</kind>
         <file>poly1305_ctmul32.obj</file>
         <name>poly1305_ctmul32.obj</name>
      </input_file>
      <input_file id="fl-11e">
         <path>./symcipher/</path>
         <kind>object</kind>
         <file>poly1305_ctmulq.obj</file>
         <name>poly1305_ctmulq.obj</name>
      </input_file>
      <input_file id="fl-11f">
         <path>./symcipher/</path>
         <kind>object</kind>
         <file>poly1305_i15.obj</file>
         <name>poly1305_i15.obj</name>
      </input_file>
      <input_file id="fl-120">
         <path>./utils/</path>
         <kind>object</kind>
         <file>uartstdio.obj</file>
         <name>uartstdio.obj</name>
      </input_file>
      <input_file id="fl-121">
         <path>./x509/</path>
         <kind>object</kind>
         <file>asn1enc.obj</file>
         <name>asn1enc.obj</name>
      </input_file>
      <input_file id="fl-122">
         <path>./x509/</path>
         <kind>object</kind>
         <file>encode_ec_pk8der.obj</file>
         <name>encode_ec_pk8der.obj</name>
      </input_file>
      <input_file id="fl-123">
         <path>./x509/</path>
         <kind>object</kind>
         <file>encode_ec_rawder.obj</file>
         <name>encode_ec_rawder.obj</name>
      </input_file>
      <input_file id="fl-124">
         <path>./x509/</path>
         <kind>object</kind>
         <file>encode_rsa_pk8der.obj</file>
         <name>encode_rsa_pk8der.obj</name>
      </input_file>
      <input_file id="fl-125">
         <path>./x509/</path>
         <kind>object</kind>
         <file>encode_rsa_rawder.obj</file>
         <name>encode_rsa_rawder.obj</name>
      </input_file>
      <input_file id="fl-126">
         <path>./x509/</path>
         <kind>object</kind>
         <file>skey_decoder.obj</file>
         <name>skey_decoder.obj</name>
      </input_file>
      <input_file id="fl-127">
         <path>./x509/</path>
         <kind>object</kind>
         <file>x509_decoder.obj</file>
         <name>x509_decoder.obj</name>
      </input_file>
      <input_file id="fl-128">
         <path>./x509/</path>
         <kind>object</kind>
         <file>x509_knownkey.obj</file>
         <name>x509_knownkey.obj</name>
      </input_file>
      <input_file id="fl-129">
         <path>./x509/</path>
         <kind>object</kind>
         <file>x509_minimal.obj</file>
         <name>x509_minimal.obj</name>
      </input_file>
      <input_file id="fl-12a">
         <path>./x509/</path>
         <kind>object</kind>
         <file>x509_minimal_full.obj</file>
         <name>x509_minimal_full.obj</name>
      </input_file>
      <input_file id="fl-12f">
         <kind>object</kind>
         <file>&lt;internal&gt;</file>
         <name>&lt;internal&gt;</name>
      </input_file>
      <input_file id="fl-1e5">
         <path>/Applications/ti/ccs1210/ccs/tools/compiler/ti-cgt-arm_20.2.7.LTS/lib/</path>
         <kind>archive</kind>
         <file>rtsv7M4_T_le_v4SPD16_eabi.lib</file>
         <name>ll_lsr_t2.asm.obj</name>
      </input_file>
      <input_file id="fl-1e6">
         <path>/Applications/ti/ccs1210/ccs/tools/compiler/ti-cgt-arm_20.2.7.LTS/lib/</path>
         <kind>archive</kind>
         <file>rtsv7M4_T_le_v4SPD16_eabi.lib</file>
         <name>ll_mul_t2.asm.obj</name>
      </input_file>
      <input_file id="fl-1e7">
         <path>/Applications/ti/ccs1210/ccs/tools/compiler/ti-cgt-arm_20.2.7.LTS/lib/</path>
         <kind>archive</kind>
         <file>rtsv7M4_T_le_v4SPD16_eabi.lib</file>
         <name>memcpy_t2.asm.obj</name>
      </input_file>
      <input_file id="fl-1e8">
         <path>/Applications/ti/ccs1210/ccs/tools/compiler/ti-cgt-arm_20.2.7.LTS/lib/</path>
         <kind>archive</kind>
         <file>rtsv7M4_T_le_v4SPD16_eabi.lib</file>
         <name>memset_t2.asm.obj</name>
      </input_file>
      <input_file id="fl-1e9">
         <path>/Applications/ti/ccs1210/ccs/tools/compiler/ti-cgt-arm_20.2.7.LTS/lib/</path>
         <kind>archive</kind>
         <file>rtsv7M4_T_le_v4SPD16_eabi.lib</file>
         <name>u_divt2.asm.obj</name>
      </input_file>
      <input_file id="fl-1ea">
         <path>/Applications/ti/ccs1210/ccs/tools/compiler/ti-cgt-arm_20.2.7.LTS/lib/</path>
         <kind>archive</kind>
         <file>rtsv7M4_T_le_v4SPD16_eabi.lib</file>
         <name>copy_zero_init.c.obj</name>
      </input_file>
      <input_file id="fl-1eb">
         <path>/Applications/ti/ccs1210/ccs/tools/compiler/ti-cgt-arm_20.2.7.LTS/lib/</path>
         <kind>archive</kind>
         <file>rtsv7M4_T_le_v4SPD16_eabi.lib</file>
         <name>copy_decompress_none.c.obj</name>
      </input_file>
      <input_file id="fl-1ec">
         <path>/Applications/ti/ccs1210/ccs/tools/compiler/ti-cgt-arm_20.2.7.LTS/lib/</path>
         <kind>archive</kind>
         <file>rtsv7M4_T_le_v4SPD16_eabi.lib</file>
         <name>copy_decompress_lzss.c.obj</name>
      </input_file>
      <input_file id="fl-1ed">
         <path>/Applications/ti/ccs1210/ccs/tools/compiler/ti-cgt-arm_20.2.7.LTS/lib/</path>
         <kind>archive</kind>
         <file>rtsv7M4_T_le_v4SPD16_eabi.lib</file>
         <name>memcmp.c.obj</name>
      </input_file>
      <input_file id="fl-1ee">
         <path>/Applications/ti/ccs1210/ccs/tools/compiler/ti-cgt-arm_20.2.7.LTS/lib/</path>
         <kind>archive</kind>
         <file>rtsv7M4_T_le_v4SPD16_eabi.lib</file>
         <name>memmov.c.obj</name>
      </input_file>
      <input_file id="fl-1ef">
         <path>/Applications/ti/ccs1210/ccs/tools/compiler/ti-cgt-arm_20.2.7.LTS/lib/</path>
         <kind>archive</kind>
         <file>rtsv7M4_T_le_v4SPD16_eabi.lib</file>
         <name>strlen.c.obj</name>
      </input_file>
      <input_file id="fl-1f0">
         <path>/Applications/ti/ccs1210/ccs/tools/compiler/ti-cgt-arm_20.2.7.LTS/lib/</path>
         <kind>archive</kind>
         <file>rtsv7M4_T_le_v4SPD16_eabi.lib</file>
         <name>boot_cortex_m.c.obj</name>
      </input_file>
      <input_file id="fl-1f1">
         <path>/Applications/ti/ccs1210/ccs/tools/compiler/ti-cgt-arm_20.2.7.LTS/lib/</path>
         <kind>archive</kind>
         <file>rtsv7M4_T_le_v4SPD16_eabi.lib</file>
         <name>div0.asm.obj</name>
      </input_file>
      <input_file id="fl-1f2">
         <path>/Applications/ti/ccs1210/ccs/tools/compiler/ti-cgt-arm_20.2.7.LTS/lib/</path>
         <kind>archive</kind>
         <file>rtsv7M4_T_le_v4SPD16_eabi.lib</file>
         <name>autoinit.c.obj</name>
      </input_file>
      <input_file id="fl-1f3">
         <path>/Applications/ti/ccs1210/ccs/tools/compiler/ti-cgt-arm_20.2.7.LTS/lib/</path>
         <kind>archive</kind>
         <file>rtsv7M4_T_le_v4SPD16_eabi.lib</file>
         <name>pre_init.c.obj</name>
      </input_file>
      <input_file id="fl-1f4">
         <path>/Applications/ti/ccs1210/ccs/tools/compiler/ti-cgt-arm_20.2.7.LTS/lib/</path>
         <kind>archive</kind>
         <file>rtsv7M4_T_le_v4SPD16_eabi.lib</file>
         <name>cpy_tbl.c.obj</name>
      </input_file>
      <input_file id="fl-1f5">
         <path>/Applications/ti/ccs1210/ccs/tools/compiler/ti-cgt-arm_20.2.7.LTS/lib/</path>
         <kind>archive</kind>
         <file>rtsv7M4_T_le_v4SPD16_eabi.lib</file>
         <name>exit.c.obj</name>
      </input_file>
      <input_file id="fl-1f6">
         <path>/Applications/ti/ccs1210/ccs/tools/compiler/ti-cgt-arm_20.2.7.LTS/lib/</path>
         <kind>archive</kind>
         <file>rtsv7M4_T_le_v4SPD16_eabi.lib</file>
         <name>_lock.c.obj</name>
      </input_file>
      <input_file id="fl-1f7">
         <path>/Applications/ti/ccs1210/ccs/tools/compiler/ti-cgt-arm_20.2.7.LTS/lib/</path>
         <kind>archive</kind>
         <file>rtsv7M4_T_le_v4SPD16_eabi.lib</file>
         <name>args_main.c.obj</name>
      </input_file>
      <input_file id="fl-1f8">
         <path>/Users/jason/ti/tivaware_c_series_2_1_4_178/driverlib/ccs/Debug/</path>
         <kind>archive</kind>
         <file>driverlib.lib</file>
         <name>gpio.obj</name>
      </input_file>
      <input_file id="fl-1f9">
         <path>/Users/jason/ti/tivaware_c_series_2_1_4_178/driverlib/ccs/Debug/</path>
         <kind>archive</kind>
         <file>driverlib.lib</file>
         <name>interrupt.obj</name>
      </input_file>
      <input_file id="fl-1fa">
         <path>/Users/jason/ti/tivaware_c_series_2_1_4_178/driverlib/ccs/Debug/</path>
         <kind>archive</kind>
         <file>driverlib.lib</file>
         <name>sysctl.obj</name>
      </input_file>
      <input_file id="fl-1fb">
         <path>/Users/jason/ti/tivaware_c_series_2_1_4_178/driverlib/ccs/Debug/</path>
         <kind>archive</kind>
         <file>driverlib.lib</file>
         <name>uart.obj</name>
      </input_file>
      <input_file id="fl-1fc">
         <path>/Users/jason/ti/tivaware_c_series_2_1_4_178/driverlib/ccs/Debug/</path>
         <kind>archive</kind>
         <file>driverlib.lib</file>
         <name>cpu.obj</name>
      </input_file>
   </input_file_list>
   <object_component_list>
      <object_component id="oc-12">
         <name>.intvecs</name>
         <load_address>0x0</load_address>
         <run_address>0x0</run_address>
         <size>0x26c</size>
         <input_file_ref idref="fl-4"/>
      </object_component>
      <object_component id="oc-41a">
         <name>.text:mul9</name>
         <load_address>0x26c</load_address>
         <run_address>0x26c</run_address>
         <size>0x2d4</size>
         <input_file_ref idref="fl-1c"/>
      </object_component>
      <object_component id="oc-520">
         <name>.text:mul9</name>
         <load_address>0x540</load_address>
         <run_address>0x540</run_address>
         <size>0x2d4</size>
         <input_file_ref idref="fl-23"/>
      </object_component>
      <object_component id="oc-49b">
         <name>.text:mul_f256</name>
         <load_address>0x814</load_address>
         <run_address>0x814</run_address>
         <size>0x25c</size>
         <input_file_ref idref="fl-23"/>
      </object_component>
      <object_component id="oc-495">
         <name>.text:square_f256</name>
         <load_address>0xa70</load_address>
         <run_address>0xa70</run_address>
         <size>0x25c</size>
         <input_file_ref idref="fl-23"/>
      </object_component>
      <object_component id="oc-470">
         <name>.text:br_i31_montymul</name>
         <load_address>0xccc</load_address>
         <run_address>0xccc</run_address>
         <size>0x246</size>
         <input_file_ref idref="fl-68"/>
      </object_component>
      <object_component id="oc-2d7">
         <name>.text:api_mul</name>
         <load_address>0xf12</load_address>
         <run_address>0xf12</run_address>
         <size>0x238</size>
         <input_file_ref idref="fl-1c"/>
      </object_component>
      <object_component id="oc-412">
         <name>.text:square9</name>
         <load_address>0x114a</load_address>
         <run_address>0x114a</run_address>
         <size>0x210</size>
         <input_file_ref idref="fl-1c"/>
      </object_component>
      <object_component id="oc-519">
         <name>.text:square9</name>
         <load_address>0x135a</load_address>
         <run_address>0x135a</run_address>
         <size>0x210</size>
         <input_file_ref idref="fl-23"/>
      </object_component>
      <object_component id="oc-33">
         <name>.text:FaultISR</name>
         <load_address>0x156a</load_address>
         <run_address>0x156a</run_address>
         <size>0x2</size>
         <input_file_ref idref="fl-4"/>
      </object_component>
      <object_component id="oc-195">
         <name>.text:UARTvprintf</name>
         <load_address>0x156c</load_address>
         <run_address>0x156c</run_address>
         <size>0x1ee</size>
         <input_file_ref idref="fl-120"/>
      </object_component>
      <object_component id="oc-549">
         <name>.text:br_i31_muladd_small</name>
         <load_address>0x175a</load_address>
         <run_address>0x175a</run_address>
         <size>0x1c0</size>
         <input_file_ref idref="fl-6a"/>
      </object_component>
      <object_component id="oc-39">
         <name>.text:IntDefaultHandler</name>
         <load_address>0x191a</load_address>
         <run_address>0x191a</run_address>
         <size>0x2</size>
         <input_file_ref idref="fl-4"/>
      </object_component>
      <object_component id="oc-3a8">
         <name>.text:run_code</name>
         <load_address>0x191c</load_address>
         <run_address>0x191c</run_address>
         <size>0x184</size>
         <input_file_ref idref="fl-27"/>
      </object_component>
      <object_component id="oc-3f6">
         <name>.text:p256_add</name>
         <load_address>0x1aa0</load_address>
         <run_address>0x1aa0</run_address>
         <size>0x128</size>
         <input_file_ref idref="fl-23"/>
      </object_component>
      <object_component id="oc-394">
         <name>.text:point_mul</name>
         <load_address>0x1bc8</load_address>
         <run_address>0x1bc8</run_address>
         <size>0x114</size>
         <input_file_ref idref="fl-27"/>
      </object_component>
      <object_component id="oc-f0">
         <name>.text:SysCtlClockGet</name>
         <load_address>0x1cdc</load_address>
         <run_address>0x1cdc</run_address>
         <size>0x110</size>
         <input_file_ref idref="fl-1fa"/>
      </object_component>
      <object_component id="oc-434">
         <name>.text:br_i31_decode_mod</name>
         <load_address>0x1dec</load_address>
         <run_address>0x1dec</run_address>
         <size>0x10c</size>
         <input_file_ref idref="fl-5f"/>
      </object_component>
      <object_component id="oc-4c0">
         <name>.text:p256_add_mixed</name>
         <load_address>0x1ef8</load_address>
         <run_address>0x1ef8</run_address>
         <size>0xf8</size>
         <input_file_ref idref="fl-23"/>
      </object_component>
      <object_component id="oc-3d1">
         <name>.text:p256_decode</name>
         <load_address>0x1ff0</load_address>
         <run_address>0x1ff0</run_address>
         <size>0xf8</size>
         <input_file_ref idref="fl-23"/>
      </object_component>
      <object_component id="oc-4a1">
         <name>.text:sub_f256</name>
         <load_address>0x20e8</load_address>
         <run_address>0x20e8</run_address>
         <size>0xf4</size>
         <input_file_ref idref="fl-23"/>
      </object_component>
      <object_component id="oc-3d7">
         <name>.text:p256_mul</name>
         <load_address>0x21dc</load_address>
         <run_address>0x21dc</run_address>
         <size>0xea</size>
         <input_file_ref idref="fl-23"/>
      </object_component>
      <object_component id="oc-402">
         <name>.text:p256_double</name>
         <load_address>0x22c6</load_address>
         <run_address>0x22c6</run_address>
         <size>0xdc</size>
         <input_file_ref idref="fl-23"/>
      </object_component>
      <object_component id="oc-3dd">
         <name>.text:p256_to_affine</name>
         <load_address>0x23a2</load_address>
         <run_address>0x23a2</run_address>
         <size>0xd8</size>
         <input_file_ref idref="fl-23"/>
      </object_component>
      <object_component id="oc-2d">
         <name>.text:NmiSR</name>
         <load_address>0x247a</load_address>
         <run_address>0x247a</run_address>
         <size>0x2</size>
         <input_file_ref idref="fl-4"/>
      </object_component>
      <object_component id="oc-30a">
         <name>.text:api_muladd</name>
         <load_address>0x247c</load_address>
         <run_address>0x247c</run_address>
         <size>0xc8</size>
         <input_file_ref idref="fl-27"/>
      </object_component>
      <object_component id="oc-188">
         <name>.text:br_ec_keygen</name>
         <load_address>0x2544</load_address>
         <run_address>0x2544</run_address>
         <size>0xc6</size>
         <input_file_ref idref="fl-21"/>
      </object_component>
      <object_component id="oc-291">
         <name>.text</name>
         <load_address>0x260a</load_address>
         <run_address>0x260a</run_address>
         <size>0x2</size>
         <input_file_ref idref="fl-1f1"/>
      </object_component>
      <object_component id="oc-b0">
         <name>.text:main</name>
         <load_address>0x260c</load_address>
         <run_address>0x260c</run_address>
         <size>0xc4</size>
         <input_file_ref idref="fl-2"/>
      </object_component>
      <object_component id="oc-46a">
         <name>.text:br_i31_modpow</name>
         <load_address>0x26d0</load_address>
         <run_address>0x26d0</run_address>
         <size>0xba</size>
         <input_file_ref idref="fl-66"/>
      </object_component>
      <object_component id="oc-331">
         <name>.text:api_muladd</name>
         <load_address>0x278a</load_address>
         <run_address>0x278a</run_address>
         <size>0xb2</size>
         <input_file_ref idref="fl-23"/>
      </object_component>
      <object_component id="oc-38e">
         <name>.text:point_decode</name>
         <load_address>0x283c</load_address>
         <run_address>0x283c</run_address>
         <size>0xa8</size>
         <input_file_ref idref="fl-27"/>
      </object_component>
      <object_component id="oc-3ef">
         <name>.text:p256_mulgen</name>
         <load_address>0x28e4</load_address>
         <run_address>0x28e4</run_address>
         <size>0xa0</size>
         <input_file_ref idref="fl-23"/>
      </object_component>
      <object_component id="oc-563">
         <name>.text:br_divrem</name>
         <load_address>0x2984</load_address>
         <run_address>0x2984</run_address>
         <size>0x9e</size>
         <input_file_ref idref="fl-75"/>
      </object_component>
      <object_component id="oc-4d">
         <name>.text</name>
         <load_address>0x2a22</load_address>
         <run_address>0x2a22</run_address>
         <size>0x9c</size>
         <input_file_ref idref="fl-1e7"/>
      </object_component>
      <object_component id="oc-445">
         <name>.text:br_i31_encode</name>
         <load_address>0x2abe</load_address>
         <run_address>0x2abe</run_address>
         <size>0x90</size>
         <input_file_ref idref="fl-62"/>
      </object_component>
      <object_component id="oc-4ba">
         <name>.text:lookup_Gwin</name>
         <load_address>0x2b50</load_address>
         <run_address>0x2b50</run_address>
         <size>0x8c</size>
         <input_file_ref idref="fl-23"/>
      </object_component>
      <object_component id="oc-252">
         <name>.text:api_muladd</name>
         <load_address>0x2bdc</load_address>
         <run_address>0x2bdc</run_address>
         <size>0x88</size>
         <input_file_ref idref="fl-18"/>
      </object_component>
      <object_component id="oc-4a7">
         <name>.text:add_f256</name>
         <load_address>0x2c64</load_address>
         <run_address>0x2c64</run_address>
         <size>0x80</size>
         <input_file_ref idref="fl-23"/>
      </object_component>
      <object_component id="oc-368">
         <name>.text:f255_mul</name>
         <load_address>0x2ce4</load_address>
         <run_address>0x2ce4</run_address>
         <size>0x7e</size>
         <input_file_ref idref="fl-1c"/>
      </object_component>
      <object_component id="oc-35c">
         <name>.text:f255_square</name>
         <load_address>0x2d62</load_address>
         <run_address>0x2d62</run_address>
         <size>0x7e</size>
         <input_file_ref idref="fl-1c"/>
      </object_component>
      <object_component id="oc-a4">
         <name>.text</name>
         <load_address>0x2de0</load_address>
         <run_address>0x2de0</run_address>
         <size>0x7a</size>
         <input_file_ref idref="fl-1e8"/>
      </object_component>
      <object_component id="oc-15">
         <name>.text:decompress:lzss:__TI_decompress_lzss</name>
         <load_address>0x2e5a</load_address>
         <run_address>0x2e5a</run_address>
         <size>0x68</size>
         <input_file_ref idref="fl-1ec"/>
      </object_component>
      <object_component id="oc-36e">
         <name>.text:f255_mul_a24</name>
         <load_address>0x2ec4</load_address>
         <run_address>0x2ec4</run_address>
         <size>0x68</size>
         <input_file_ref idref="fl-1c"/>
      </object_component>
      <object_component id="oc-d8">
         <name>.text:ConfigureUART</name>
         <load_address>0x2f2c</load_address>
         <run_address>0x2f2c</run_address>
         <size>0x64</size>
         <input_file_ref idref="fl-2"/>
      </object_component>
      <object_component id="oc-17b">
         <name>.text:UARTStdioConfig</name>
         <load_address>0x2f90</load_address>
         <run_address>0x2f90</run_address>
         <size>0x60</size>
         <input_file_ref idref="fl-120"/>
      </object_component>
      <object_component id="oc-2fe">
         <name>.text:api_mul</name>
         <load_address>0x2ff0</load_address>
         <run_address>0x2ff0</run_address>
         <size>0x58</size>
         <input_file_ref idref="fl-27"/>
      </object_component>
      <object_component id="oc-362">
         <name>.text:f255_sub</name>
         <load_address>0x3048</load_address>
         <run_address>0x3048</run_address>
         <size>0x56</size>
         <input_file_ref idref="fl-1c"/>
      </object_component>
      <object_component id="oc-246">
         <name>.text:api_mul</name>
         <load_address>0x30a0</load_address>
         <run_address>0x30a0</run_address>
         <size>0x54</size>
         <input_file_ref idref="fl-18"/>
      </object_component>
      <object_component id="oc-39a">
         <name>.text:point_encode</name>
         <load_address>0x30f4</load_address>
         <run_address>0x30f4</run_address>
         <size>0x54</size>
         <input_file_ref idref="fl-27"/>
      </object_component>
      <object_component id="oc-374">
         <name>.text:reduce_final_f255</name>
         <load_address>0x3148</load_address>
         <run_address>0x3148</run_address>
         <size>0x4c</size>
         <input_file_ref idref="fl-1c"/>
      </object_component>
      <object_component id="oc-3fc">
         <name>.text:reduce_final_f256</name>
         <load_address>0x3194</load_address>
         <run_address>0x3194</run_address>
         <size>0x4c</size>
         <input_file_ref idref="fl-23"/>
      </object_component>
      <object_component id="oc-356">
         <name>.text:f255_add</name>
         <load_address>0x31e0</load_address>
         <run_address>0x31e0</run_address>
         <size>0x4a</size>
         <input_file_ref idref="fl-1c"/>
      </object_component>
      <object_component id="oc-1f1">
         <name>.text:UARTwrite</name>
         <load_address>0x322c</load_address>
         <run_address>0x322c</run_address>
         <size>0x48</size>
         <input_file_ref idref="fl-120"/>
      </object_component>
      <object_component id="oc-23a">
         <name>.text:api_order</name>
         <load_address>0x3274</load_address>
         <run_address>0x3274</run_address>
         <size>0x48</size>
         <input_file_ref idref="fl-18"/>
      </object_component>
      <object_component id="oc-240">
         <name>.text:api_xoff</name>
         <load_address>0x32bc</load_address>
         <run_address>0x32bc</run_address>
         <size>0x48</size>
         <input_file_ref idref="fl-18"/>
      </object_component>
      <object_component id="oc-476">
         <name>.text:br_i31_sub</name>
         <load_address>0x3304</load_address>
         <run_address>0x3304</run_address>
         <size>0x48</size>
         <input_file_ref idref="fl-6e"/>
      </object_component>
      <object_component id="oc-10f">
         <name>.text:__TI_auto_init_nobinit_nopinit:__TI_auto_init_nobinit_nopinit</name>
         <load_address>0x334c</load_address>
         <run_address>0x334c</run_address>
         <size>0x44</size>
         <input_file_ref idref="fl-1f2"/>
      </object_component>
      <object_component id="oc-234">
         <name>.text:api_generator</name>
         <load_address>0x3390</load_address>
         <run_address>0x3390</run_address>
         <size>0x44</size>
         <input_file_ref idref="fl-18"/>
      </object_component>
      <object_component id="oc-24c">
         <name>.text:api_mulgen</name>
         <load_address>0x33d4</load_address>
         <run_address>0x33d4</run_address>
         <size>0x44</size>
         <input_file_ref idref="fl-18"/>
      </object_component>
      <object_component id="oc-18e">
         <name>.text:br_ec_compute_pub</name>
         <load_address>0x3418</load_address>
         <run_address>0x3418</run_address>
         <size>0x44</size>
         <input_file_ref idref="fl-28"/>
      </object_component>
      <object_component id="oc-47c">
         <name>.text:br_i31_add</name>
         <load_address>0x345c</load_address>
         <run_address>0x345c</run_address>
         <size>0x44</size>
         <input_file_ref idref="fl-5d"/>
      </object_component>
      <object_component id="oc-de">
         <name>.text:generate_ecc_key_pair</name>
         <load_address>0x34a0</load_address>
         <run_address>0x34a0</run_address>
         <size>0x40</size>
         <input_file_ref idref="fl-2"/>
      </object_component>
      <object_component id="oc-1f7">
         <name>.text</name>
         <load_address>0x34e0</load_address>
         <run_address>0x34e0</run_address>
         <size>0x40</size>
         <input_file_ref idref="fl-1e9"/>
      </object_component>
      <object_component id="oc-325">
         <name>.text:api_mul</name>
         <load_address>0x3520</load_address>
         <run_address>0x3520</run_address>
         <size>0x3e</size>
         <input_file_ref idref="fl-23"/>
      </object_component>
      <object_component id="oc-48f">
         <name>.text:be8_to_le30</name>
         <load_address>0x355e</load_address>
         <run_address>0x355e</run_address>
         <size>0x3e</size>
         <input_file_ref idref="fl-23"/>
      </object_component>
[...]
            <object_component_ref idref="oc-17e"/>
            <object_component_ref idref="oc-4f"/>
            <object_component_ref idref="oc-a8"/>
            <object_component_ref idref="oc-1fb"/>
            <object_component_ref idref="oc-5e"/>
            <object_component_ref idref="oc-20"/>
            <object_component_ref idref="oc-19"/>
            <object_component_ref idref="oc-562"/>
            <object_component_ref idref="oc-26"/>
            <object_component_ref idref="oc-70"/>
            <object_component_ref idref="oc-295"/>
            <object_component_ref idref="oc-114"/>
            <object_component_ref idref="oc-ad"/>
            <object_component_ref idref="oc-108"/>
            <object_component_ref idref="oc-ef"/>
            <object_component_ref idref="oc-1ab"/>
            <object_component_ref idref="oc-f3"/>
            <object_component_ref idref="oc-17a"/>
         </contents>
      </logical_group>
      <logical_group id="lg-596" display="never" color="cyan">
         <name>.debug_pubtypes</name>
         <load_address>0x0</load_address>
         <run_address>0x0</run_address>
         <size>0x2d04</size>
         <contents>
            <object_component_ref idref="oc-ff"/>
            <object_component_ref idref="oc-86"/>
            <object_component_ref idref="oc-144"/>
            <object_component_ref idref="oc-1d2"/>
            <object_component_ref idref="oc-162"/>
            <object_component_ref idref="oc-171"/>
            <object_component_ref idref="oc-149"/>
            <object_component_ref idref="oc-16c"/>
            <object_component_ref idref="oc-14e"/>
            <object_component_ref idref="oc-153"/>
            <object_component_ref idref="oc-158"/>
            <object_component_ref idref="oc-33d"/>
            <object_component_ref idref="oc-49"/>
            <object_component_ref idref="oc-c3"/>
            <object_component_ref idref="oc-8b"/>
            <object_component_ref idref="oc-15d"/>
            <object_component_ref idref="oc-19e"/>
            <object_component_ref idref="oc-167"/>
            <object_component_ref idref="oc-263"/>
            <object_component_ref idref="oc-2c0"/>
            <object_component_ref idref="oc-27c"/>
            <object_component_ref idref="oc-286"/>
            <object_component_ref idref="oc-268"/>
            <object_component_ref idref="oc-281"/>
            <object_component_ref idref="oc-26d"/>
            <object_component_ref idref="oc-25e"/>
            <object_component_ref idref="oc-272"/>
            <object_component_ref idref="oc-277"/>
            <object_component_ref idref="oc-3c4"/>
            <object_component_ref idref="oc-d0"/>
            <object_component_ref idref="oc-3eb"/>
            <object_component_ref idref="oc-3a3"/>
            <object_component_ref idref="oc-9f"/>
            <object_component_ref idref="oc-54"/>
            <object_component_ref idref="oc-97"/>
            <object_component_ref idref="oc-44"/>
            <object_component_ref idref="oc-c9"/>
            <object_component_ref idref="oc-90"/>
            <object_component_ref idref="oc-21a"/>
            <object_component_ref idref="oc-2a2"/>
            <object_component_ref idref="oc-21f"/>
            <object_component_ref idref="oc-224"/>
            <object_component_ref idref="oc-200"/>
            <object_component_ref idref="oc-1a4"/>
            <object_component_ref idref="oc-29a"/>
         </contents>
      </logical_group>
      <logical_group id="lg-5a4" display="no" color="cyan">
         <name>Veneer$$CMSE</name>
         <run_address>0x0</run_address>
         <size>0x0</size>
         <contents>
         </contents>
      </logical_group>
      <load_segment id="lg-5b5" display="no" color="cyan">
         <name>SEGMENT_0</name>
         <load_address>0x0</load_address>
         <run_address>0x0</run_address>
         <size>0x4450</size>
         <flags>0x5</flags>
         <contents>
            <logical_group_ref idref="lg-3"/>
            <logical_group_ref idref="lg-4"/>
            <logical_group_ref idref="lg-5"/>
            <logical_group_ref idref="lg-6"/>
         </contents>
      </load_segment>
      <load_segment id="lg-5b6" display="no" color="cyan">
         <name>SEGMENT_1</name>
         <run_address>0x20000000</run_address>
         <size>0x21d</size>
         <flags>0x6</flags>
         <contents>
            <logical_group_ref idref="lg-d"/>
            <logical_group_ref idref="lg-b"/>
            <logical_group_ref idref="lg-a"/>
         </contents>
      </load_segment>
   </logical_group_list>
   <placement_map>
      <memory_area display="yes" color="green">
         <name>FLASH</name>
         <page_id>0x0</page_id>
         <origin>0x0</origin>
         <length>0x40000</length>
         <used_space>0x444c</used_space>
         <unused_space>0x3bbb4</unused_space>
         <attributes>RX</attributes>
         <usage_details>
            <allocated_space>
               <start_address>0x0</start_address>
               <size>0x26c</size>
               <logical_group_ref idref="lg-3"/>
            </allocated_space>
            <allocated_space>
               <start_address>0x26c</start_address>
               <size>0x36b0</size>
               <logical_group_ref idref="lg-4"/>
            </allocated_space>
            <allocated_space>
               <start_address>0x391c</start_address>
               <size>0xb00</size>
               <logical_group_ref idref="lg-5"/>
            </allocated_space>
            <available_space>
               <start_address>0x441c</start_address>
               <size>0x4</size>
            </available_space>
            <allocated_space>
               <start_address>0x4420</start_address>
               <size>0x30</size>
               <logical_group_ref idref="lg-6"/>
            </allocated_space>
            <available_space>
               <start_address>0x4450</start_address>
               <size>0x3bbb0</size>
            </available_space>
         </usage_details>
      </memory_area>
      <memory_area display="yes" color="green">
         <name>SRAM</name>
         <page_id>0x0</page_id>
         <origin>0x20000000</origin>
         <length>0x8000</length>
         <used_space>0x21d</used_space>
         <unused_space>0x7de3</unused_space>
         <attributes>RWX</attributes>
         <usage_details>
            <allocated_space>
               <start_address>0x20000000</start_address>
               <size>0x0</size>
               <logical_group_ref idref="lg-579"/>
            </allocated_space>
            <allocated_space>
               <start_address>0x20000000</start_address>
               <size>0x200</size>
               <logical_group_ref idref="lg-d"/>
            </allocated_space>
            <allocated_space>
               <start_address>0x20000200</start_address>
               <size>0x18</size>
               <logical_group_ref idref="lg-b"/>
            </allocated_space>
            <allocated_space>
               <start_address>0x20000218</start_address>
               <size>0x5</size>
               <logical_group_ref idref="lg-a"/>
            </allocated_space>
            <available_space>
               <start_address>0x2000021d</start_address>
               <size>0x7de3</size>
            </available_space>
         </usage_details>
      </memory_area>
   </placement_map>
   <cptbl_list>
      <cptbl>
         <name>__TI_cinit_table</name>
         <cprec>
            <name>.bss</name>
            <load_address>0x4430</load_address>
            <load_size>0x8</load_size>
            <run_address>0x20000200</run_address>
            <run_size>0x18</run_size>
            <compression>zero_init</compression>
         </cprec>
         <cprec>
            <name>.data</name>
            <load_address>0x4438</load_address>
            <load_size>0x7</load_size>
            <run_address>0x20000218</run_address>
            <run_size>0x5</run_size>
            <compression>lzss</compression>
         </cprec>
      </cptbl>
   </cptbl_list>
   <handler_table>
      <handler_table_name>__TI_handler_table</handler_table_name>
      <handler>
         <index>0x0</index>
         <name>__TI_decompress_lzss</name>
      </handler>
      <handler>
         <index>0x1</index>
         <name>__TI_decompress_none</name>
      </handler>
      <handler>
         <index>0x2</index>
         <name>__TI_zero_init</name>
      </handler>
   </handler_table>
   <symbol_table>
      <symbol id="sm-1">
         <name>__STACK_TOP</name>
         <value>0x20000200</value>
      </symbol>
      <symbol id="sm-2">
         <name>__start___llvm_prf_cnts</name>
         <value>0x20000000</value>
      </symbol>
      <symbol id="sm-3">
         <name>__stop___llvm_prf_cnts</name>
         <value>0x20000000</value>
      </symbol>
      <symbol id="sm-4">
         <name>__TI_CINIT_Base</name>
         <value>0x4440</value>
      </symbol>
      <symbol id="sm-5">
         <name>__TI_CINIT_Limit</name>
         <value>0x4450</value>
      </symbol>
      <symbol id="sm-6">
         <name>__TI_Handler_Table_Base</name>
         <value>0x4420</value>
      </symbol>
      <symbol id="sm-7">
         <name>__TI_Handler_Table_Limit</name>
         <value>0x442c</value>
      </symbol>
      <symbol id="sm-8">
         <name>binit</name>
         <value>0xffffffff</value>
      </symbol>
      <symbol id="sm-9">
         <name>__binit__</name>
         <value>0xffffffff</value>
      </symbol>
      <symbol id="sm-a">
         <name>__STACK_SIZE</name>
         <value>0x200</value>
      </symbol>
      <symbol id="sm-b">
         <name>__STACK_END</name>
         <value>0x20000200</value>
      </symbol>
      <symbol id="sm-c">
         <name>__c_args__</name>
         <value>0xffffffff</value>
      </symbol>
      <symbol id="sm-d">
         <name>__TI_pprof_out_hndl</name>
         <value>0xffffffff</value>
      </symbol>
      <symbol id="sm-e">
         <name>__TI_prof_data_start</name>
         <value>0xffffffff</value>
      </symbol>
      <symbol id="sm-f">
         <name>__TI_prof_data_size</name>
         <value>0xffffffff</value>
      </symbol>
      <symbol id="sm-b8">
         <name>main</name>
         <value>0x260d</value>
         <object_component_ref idref="oc-b0"/>
      </symbol>
      <symbol id="sm-b9">
         <name>ConfigureUART</name>
         <value>0x2f2d</value>
         <object_component_ref idref="oc-d8"/>
      </symbol>
      <symbol id="sm-ba">
         <name>generate_ecc_key_pair</name>
         <value>0x34a1</value>
         <object_component_ref idref="oc-de"/>
      </symbol>
      <symbol id="sm-12b">
         <name>ResetISR</name>
         <value>0x38ff</value>
         <object_component_ref idref="oc-27"/>
      </symbol>
      <symbol id="sm-12c">
         <name>g_pfnVectors</name>
         <value>0x0</value>
         <object_component_ref idref="oc-12"/>
      </symbol>
      <symbol id="sm-13e">
         <name>br_ccopy</name>
         <value>0x37c3</value>
         <object_component_ref idref="oc-3b4"/>
      </symbol>
      <symbol id="sm-1bf">
         <name>br_ec_all_m31</name>
         <value>0x4340</value>
         <object_component_ref idref="oc-1e5"/>
      </symbol>
      <symbol id="sm-299">
         <name>br_ec_c25519_m31</name>
         <value>0x435c</value>
         <object_component_ref idref="oc-2ad"/>
      </symbol>
      <symbol id="sm-2ab">
         <name>br_ec_get_default</name>
         <value>0x38f1</value>
         <object_component_ref idref="oc-182"/>
      </symbol>
      <symbol id="sm-2c0">
         <name>br_ec_keygen</name>
         <value>0x2545</value>
         <object_component_ref idref="oc-188"/>
      </symbol>
      <symbol id="sm-408">
         <name>br_ec_p256_m31</name>
         <value>0x4378</value>
         <object_component_ref idref="oc-2b3"/>
      </symbol>
      <symbol id="sm-515">
         <name>br_ec_prime_i31</name>
         <value>0x4394</value>
         <object_component_ref idref="oc-2b0"/>
      </symbol>
      <symbol id="sm-52e">
         <name>br_ec_compute_pub</name>
         <value>0x3419</value>
         <object_component_ref idref="oc-18e"/>
      </symbol>
      <symbol id="sm-547">
         <name>br_secp256r1</name>
         <value>0x43c8</value>
         <object_component_ref idref="oc-424"/>
      </symbol>
      <symbol id="sm-560">
         <name>br_secp384r1</name>
         <value>0x43dc</value>
         <object_component_ref idref="oc-427"/>
      </symbol>
      <symbol id="sm-579">
         <name>br_secp521r1</name>
         <value>0x43f0</value>
         <object_component_ref idref="oc-42a"/>
      </symbol>
      <symbol id="sm-5b9">
         <name>br_i31_add</name>
         <value>0x345d</value>
         <object_component_ref idref="oc-47c"/>
      </symbol>
      <symbol id="sm-5cf">
         <name>br_i31_decode_mod</name>
         <value>0x1ded</value>
         <object_component_ref idref="oc-434"/>
      </symbol>
      <symbol id="sm-5e6">
         <name>br_i31_encode</name>
         <value>0x2abf</value>
         <object_component_ref idref="oc-445"/>
      </symbol>
      <symbol id="sm-5f6">
         <name>br_i31_iszero</name>
         <value>0x36d3</value>
         <object_component_ref idref="oc-3ae"/>
      </symbol>
      <symbol id="sm-606">
         <name>br_i31_modpow</name>
         <value>0x26d1</value>
         <object_component_ref idref="oc-46a"/>
      </symbol>
      <symbol id="sm-61a">
         <name>br_i31_montymul</name>
         <value>0xccd</value>
         <object_component_ref idref="oc-470"/>
      </symbol>
      <symbol id="sm-62e">
         <name>br_i31_muladd_small</name>
         <value>0x175b</value>
         <object_component_ref idref="oc-549"/>
      </symbol>
      <symbol id="sm-640">
         <name>br_i31_sub</name>
         <value>0x3305</value>
         <object_component_ref idref="oc-476"/>
      </symbol>
      <symbol id="sm-64f">
         <name>br_i31_to_monty</name>
         <value>0x3805</value>
         <object_component_ref idref="oc-506"/>
      </symbol>
      <symbol id="sm-662">
         <name>br_divrem</name>
         <value>0x2985</value>
         <object_component_ref idref="oc-563"/>
      </symbol>
      <symbol id="sm-77a">
         <name>UARTStdioConfig</name>
         <value>0x2f91</value>
         <object_component_ref idref="oc-17b"/>
      </symbol>
      <symbol id="sm-77b">
         <name>UARTwrite</name>
         <value>0x322d</value>
         <object_component_ref idref="oc-1f1"/>
      </symbol>
      <symbol id="sm-77c">
         <name>UARTprintf</name>
         <value>0x385d</value>
         <object_component_ref idref="oc-e4"/>
      </symbol>
      <symbol id="sm-77d">
         <name>UARTvprintf</name>
         <value>0x156d</value>
         <object_component_ref idref="oc-195"/>
      </symbol>
      <symbol id="sm-7a4">
         <name>memcpy</name>
         <value>0x2a23</value>
         <object_component_ref idref="oc-4d"/>
      </symbol>
      <symbol id="sm-7a5">
         <name>__aeabi_memcpy</name>
         <value>0x2a23</value>
         <object_component_ref idref="oc-4d"/>
      </symbol>
      <symbol id="sm-7a6">
         <name>__aeabi_memcpy8</name>
         <value>0x2a23</value>
         <object_component_ref idref="oc-4d"/>
      </symbol>
      <symbol id="sm-7a7">
         <name>__aeabi_memcpy4</name>
         <value>0x2a23</value>
         <object_component_ref idref="oc-4d"/>
      </symbol>
      <symbol id="sm-7b6">
         <name>__aeabi_memset</name>
         <value>0x2de3</value>
         <object_component_ref idref="oc-a4"/>
      </symbol>
      <symbol id="sm-7b7">
         <name>memset</name>
         <value>0x2de9</value>
         <object_component_ref idref="oc-a4"/>
      </symbol>
      <symbol id="sm-7b8">
         <name>__aeabi_memset8</name>
         <value>0x2de3</value>
         <object_component_ref idref="oc-a4"/>
      </symbol>
      <symbol id="sm-7b9">
         <name>__aeabi_memset4</name>
         <value>0x2de3</value>
         <object_component_ref idref="oc-a4"/>
      </symbol>
      <symbol id="sm-7ba">
         <name>__aeabi_memclr8</name>
         <value>0x2de1</value>
         <object_component_ref idref="oc-a4"/>
      </symbol>
      <symbol id="sm-7bb">
         <name>__aeabi_memclr4</name>
         <value>0x2de1</value>
         <object_component_ref idref="oc-a4"/>
      </symbol>
      <symbol id="sm-7bc">
         <name>__aeabi_memclr</name>
         <value>0x2de1</value>
         <object_component_ref idref="oc-a4"/>
      </symbol>
      <symbol id="sm-7cb">
         <name>__aeabi_uidivmod</name>
         <value>0x34e1</value>
         <object_component_ref idref="oc-1f7"/>
      </symbol>
      <symbol id="sm-7cc">
         <name>__aeabi_uidiv</name>
         <value>0x34e1</value>
         <object_component_ref idref="oc-1f7"/>
      </symbol>
      <symbol id="sm-7e0">
         <name>__TI_zero_init_nomemset</name>
         <value>0x3841</value>
         <object_component_ref idref="oc-59"/>
      </symbol>
      <symbol id="sm-7f7">
         <name>__TI_decompress_none</name>
         <value>0x38a3</value>
         <object_component_ref idref="oc-1b"/>
      </symbol>
      <symbol id="sm-81a">
         <name>__TI_decompress_lzss</name>
         <value>0x2e5b</value>
         <object_component_ref idref="oc-15"/>
      </symbol>
      <symbol id="sm-82c">
         <name>memmove</name>
         <value>0x3755</value>
         <object_component_ref idref="oc-55d"/>
      </symbol>
      <symbol id="sm-840">
         <name>__stack</name>
         <value>0x20000000</value>
         <object_component_ref idref="oc-24"/>
      </symbol>
      <symbol id="sm-841">
         <name>_c_int00_noargs</name>
         <value>0x3645</value>
         <object_component_ref idref="oc-6b"/>
      </symbol>
      <symbol id="sm-84b">
         <name>__aeabi_idiv0</name>
         <value>0x260b</value>
         <object_component_ref idref="oc-291"/>
      </symbol>
      <symbol id="sm-84c">
         <name>__aeabi_ldiv0</name>
         <value>0x260b</value>
         <object_component_ref idref="oc-291"/>
      </symbol>
      <symbol id="sm-874">
         <name>__TI_auto_init_nobinit_nopinit</name>
         <value>0x334d</value>
         <object_component_ref idref="oc-10f"/>
      </symbol>
      <symbol id="sm-87e">
         <name>_system_pre_init</name>
         <value>0x3911</value>
         <object_component_ref idref="oc-aa"/>
      </symbol>
      <symbol id="sm-88a">
         <name>C$$EXIT</name>
         <value>0x3915</value>
         <object_component_ref idref="oc-103"/>
      </symbol>
      <symbol id="sm-88b">
         <name>abort</name>
         <value>0x3915</value>
         <object_component_ref idref="oc-103"/>
      </symbol>
      <symbol id="sm-8a4">
         <name>GPIOPinWrite</name>
         <value>0x38f9</value>
         <object_component_ref idref="oc-ea"/>
      </symbol>
      <symbol id="sm-8d7">
         <name>SysCtlDelay</name>
         <value>0x3905</value>
         <object_component_ref idref="oc-f6"/>
      </symbol>
      <symbol id="sm-8d8">
         <name>SysCtlClockGet</name>
         <value>0x1cdd</value>
         <object_component_ref idref="oc-f0"/>
      </symbol>
      <symbol id="sm-8e5">
         <name>UARTClockSourceSet</name>
         <value>0x390b</value>
         <object_component_ref idref="oc-175"/>
      </symbol>
      <symbol id="sm-8e7">
         <name>__TI_static_base__</name>
         <value>0x0</value>
      </symbol>
      <symbol id="sm-8ea">
         <name>__mpu_init</name>
         <value>0x0</value>
      </symbol>
      <symbol id="sm-8eb">
         <name>_system_post_cinit</name>
         <value>0x0</value>
      </symbol>
   </symbol_table>
   <title>Link successful</title>
</link_info>
